// Jest Snapshot v1, https://goo.gl/fbAQLP

exports[`Testing graphql request productTypeCategory MUTATION productTypeCategory Testing addProductTypeCategory(productTypeCategory) should add a new productTypeCategory 1`] = `
Object {
  "data": Object {
    "addProductTypeCategory": Object {
      "image": "ceci est une image de blé encodée en base64! :D",
      "name": "blé",
    },
  },
}
`;

exports[`Testing graphql request productTypeCategory MUTATION productTypeCategory Testing addProductTypeCategory(productTypeCategory) should fail adding a new productTypeCategory because given field "rienAVoir" is not defined in schema 1`] = `
Object {
  "errors": Array [
    [GraphQLError: Variable "$productTypeCategory" got invalid value { name: "blé", image: "ceci est une image de blé encodée en base64! :D", rienAVoir: "ceci est un champ qui n'a rien à faire ici!" }; Field "rienAVoir" is not defined by type ProductTypeCategoryInputAdd.],
  ],
}
`;

exports[`Testing graphql request productTypeCategory MUTATION productTypeCategory Testing addProductTypeCategory(productTypeCategory) should fail adding a new productTypeCategory because missing name 1`] = `
Object {
  "errors": Array [
    [GraphQLError: Variable "$productTypeCategory" got invalid value { image: "ceci est une image de blé encodée en base64! :D" }; Field value.name of required type String! was not provided.],
  ],
}
`;

exports[`Testing graphql request productTypeCategory MUTATION productTypeCategory Testing addProductTypeCategory(productTypeCategory) should fail adding a new productTypeCategory because not authenticated 1`] = `
Object {
  "data": null,
  "errors": Array [
    [GraphQLError: Sorry, you need to be authenticated to do that.],
  ],
}
`;

exports[`Testing graphql request productTypeCategory MUTATION productTypeCategory Testing addProductTypeCategory(productTypeCategory) should fail adding a new productTypeCategory because not authenticated as administrator 1`] = `
Object {
  "data": null,
  "errors": Array [
    [GraphQLError: Sorry, you need to be an administrator to do that.],
  ],
}
`;

exports[`Testing graphql request productTypeCategory MUTATION productTypeCategory Testing deleteProductTypeCategory(productTypeCategoryId) should delete a productTypeCategory 1`] = `
Object {
  "data": Object {
    "deleteProductTypeCategory": Object {
      "image": "data:image/png;base64,iVBORw0KGgoAAAANSUhEUgAAAGQAAABkCAYAAABw4pVUAAAABGdBTUEAALGPC/xhBQAAAAlwSFlzAAALEQAACxEBf2RfkQAAABl0RVh0U29mdHdhcmUAcGFpbnQubmV0IDQuMC4yMfEgaZUAABDxSURBVHhe7dwFtC1VHQZwVFQwsLBbLMRAsQsDBSyWgaBiJ3Z3t2J3dwcGBrZiYOuyG1tRscUWv984+6w5c/ace98789596nxrfffO7L1n7sz+7/2vveduN2HChAkTJkyYMGHChAkT/s9x3HHHTdyGWC2cuHGsFk7cOFYLJ24cq4UTN47Vwokbx2rhxI1jtXDiMIPj1crHYrVw4jCD04UXrdWNwWrhxGEGO4bPDE9fq1+V1cKJyxncLrxErW5VVgsnLmdwo/BytbpVWS2sMThbeOnwROEWNWzbAoMda+UYXCa8X6X8BO3vE4cXCy8SnqTfbhmrhTUGXwod4L/CX4XXq7X9X2BwuXCHgbpThh9sj08aXi88PPxb+LXwveHnww+Eh4Qn7d9jiNXCGoOThQTxu/Be4Z9DFamuX/PfyuB44fXDc9XqMXhHeJrwieFrwr3DM4TXDb8bPiC8ZPjZ8Ly1e9RYLawxOHX4i9DJydsyU/Mvbdn/lBoLrh4eWKvDgKd1j/Dr4Wk65YT5/PCD4SXCI8NTd69dxmphn8HdQwfHhBev1P8+PKpzbgq/L/xM+NXwyeEe4ZpCC24fvn0r8QW1Z8CARqB6tq/UGYgvDH8TXqNXd4XQDPlR+IPwqd36tVgtrDHw4y4DdQy9g0eE1JpjwqNPvxH+sy3D39fuURh8LvxT+M0tzJ+Fv23/5rnD41ee5b7hrpXy7UOzwDvO7ExARX0hfFx4vvCh4afCU3SvX8ZqYY0BA+XgRAP1/2jrn1KpMzsc4G/69V0GZtWHanVjMKBS8OZhMziCG4S7VdpeJdynPWa82YkDQt7mM8IjO20JwIx6TClry48I9+qWLWO1sMvg7OEfQieH9ereFN44PH5Il960W99pd6bQQbW+y8B9PtAenyp8WPjwkfjgcIdQYHer0Gw2qvcMb1F5ln3Dq4UE6JpXh3cMy+x4Z9vu5KGB9JBwzl0OXhleuVvWlp8gXFSH/YI+A+6tgxNW6q4aFhX11/Al4c79dm3bK4UOdqrVY7BzeGx47/acQB4bPn4kPjI0eF4Vvjb0R74YUlkvrDyPmX2H8Jzh68PTtuXsy3PC94RnCd8fPi/sC+MkIQ+MXXGv/cKnhK5DApyzq7ODZQz8+EetDgMP/Ya2HR7UqTO6HtWWp2jx+sKgCHhBfYzJ4MrhL0Od7O9dIzw0PHuvnbyVjuPm37VX51nZuzeGVNVcbitgZwje39GGintMeIvwoqGZuhB8zp3UGPCrjdq/VOoESJ8OnTQGPzhhOJuKgbjFSz+xlA0x+ET4/bCJeLcUg7uG1LCR/u7wt6GOunml7ZvDb4cX7pXvEzrgae0WXjOkzq4dUnNvCz8SXif0d3BtL7NWWBi4sQPUWU8L7xd+OCSkUuehfjpwD+qAwV/aycH5Q4K7fq1+TAYfC7/QHhtU7MHrwnuHc95WYHZzY+diicCsceDdZTGowGeHXwl5cHcOB9XzEKuFXQb0p6jUSGcnFBpdys7RtjF9HVyyf31b/6zw8FpdYSDI+nU4mEMag4EYgl00epuALrhnyDXn5jK2RvO1QsEhW/Htyj2ou3eGIvKzderMFjHI7p0yayiXDTkPu4dnDRfc7KZtrXBzGAgAHezbKWPojPo/hk/utu8zoI9nbuSYDNixkvijUjzPXcJrdeq/F748JBCBsNwUGog/7t1PcvEFIe9qzlMKuMdirwNDwnlFyHEgQDNIrLZn95ouq4Wby8CscUBFXTzcJSSQtdSVtkboXNQ7FoNThHJTPCzqhyt9gfBenTZceEGdkcyt5eHJVRHKX3v3M2uu2C1ryxny+4eSjGyPe5p1Z2nreV3L+6JWuB4GdwtrrrCHKpE5YeCx/XZdBtIQR9XqxmIghpDBNVjOGwrkqMkyc7js8k+i+Ht0rpMGkjk4VXsuMORCn7jThqDPFYp1JF2lZQSVzTWbwmrhWgxMcQdoNDyi0uaC4YtD0/eR/fouA8Hg82t1YzHQQWICeTc24MzhLM8UEIicm5NZIBdwfRnt84RiDrbnIm0dj5KQnxp+KHxZOKeOAn3FsSHIc3fraqwWrofBz0MHOtxvhn5m3DaFgYzxYGZ1DAYMKzv3qvacrZCJbXJRAYFwW51coHct11hgJ56Q5SVcASuXn7dJI+iH87ftaYldQy4v28ErvWV4hu59a6wWLmPgRW4WfitUIMC5cFjUVDVSH2LAzji4WK1+LAaWD44O79ApY3BlEHhVOk6m2Xs0M6Bt4/2oOxG2gcP54P7fJGRvuOsicJldM4G94nkJDw4Kz1nutR5WC5cxeGvowMtdt1dHfW2SLQgsdTo4X61+LAb0vFl8QKfMqH1uSJWJHaz3zMVCAWGVLMRPQjmtvmd1+ZCr636icesg1STsWqwWLmPAO/HQC2vFgdHiYCFlPcRg3QIJ6GO2iefCsN465Hqua3EsEOfMMgaBuIALTP1IApr5hPbgThszy9qO4NFMmPOSAjPopSEPTQZ5FkAGC07PWqwW1hgYYRbtDwsVVCPq4KhQZ1FtcjZ0L8N3yoH2awokoJMZXCOUlyRr8K6QM+Ccbdi/dm2XgVlwaOecQAip2fgWWNehnl4UNp0ZGGT+jiCxCeYCQjIrpEvEI2bZLDUScBqknKgt3ui61Va1sMZAJzgQKD2p1gYDmU+5ISd9mlkP67VfKpDAyzO+jKaU+dzGg+AcoQEghXFIt67PQJ5stgoYWNcg5LN22jDY3N9mAAX+pkwDYXFtHbOfbAZBMdiN3Qx2CqXsLcyxOYR4xnLv9bBaWGMgUHIwl9sPzASG8NXt+d9DB08IuYxcQyNGRvU7oTqCkXagggYFEgikdCJvRtQrrySVU2IH9WYhI8o4GwgCM/fl5czlkgKd+JbQddroMDNsll0OxCjc3DOGpw0954VCo517K4j1Pp6D6ywb4fcVQ7NYND5Lm2wqq4U1BjpUZ3+tUlc8GCeWLKv5qID6ojacoL1eywTCVsifWSfR4WaBGSoVQe9Lbeu8n7fttTE4CMMq4JwaCwikWWQLxAxcd4HctTttDCCdLI1yp5CxNkMfHc42M7RtrXNYSSUodsRi18Ki06awWthnYFo7YNiqG40DI87ocMIwXqnSpiQhuYNFR1cFEogb3Oeq7bnOtqXGrJMnoi72aOu+2/42Wz8acme1k8Gd2a5Avuqn7W/txBUG0n1Lm7Ydx4VtIQyq+qbhnIEOzJ6Ph+wXwa0kiMJqYZ8B3agznEhdl0iVsZVMoy8VmEF0rVFLLS14P0HfsBaBuMYyaKEUhs4rgiMQbqklY56WDtVxVt2O7tyPEeZ+e173sJZR7imOoNbYARvYxBGcA3mnftqdwEXfZ+6Wt3X6gyZoAsZ+/SqsFg4x4FnQuU5Qp/tNEDq6uoEh0ElGY1FXzVpEWzc0Q+hsQiqeC4Hw4DgNXFWqSRrdsuwPe9ca3dQj3W4xqnhHEosicmqwSWQGvKEfhmfqXM9eMv6XL2VtebF50idWGBcMdqCNFAvP0iLWukMArBauh4GXZTsaexHwWIZmBS+IrtbJp+vVDQnEVppPd84bldUeM7IMfbO9JmhUVqctwTfOR2BnYfGCCITRN4AaQx4Y7Ty4+3euZ7AtufbXyAnPApTVwJowaAepe6pSRthMvHO/3TJWCzeXgRd9X6WcaiOshUApGBKIjuvPEFlXxvaGIZXEJaVWjuldy/g3G/oCBv5BoZFLIDK8jHnX1b1NKM1+svbcmvvB7bFnZ6zFGmyK2clb7C5AaSOmYbusd/DixCWbbFeWgReixXrINQQ+uPOHdP4Al9QMoSZm6w+d+iGBGI19G0JANlTwsiT16HCLRbMZEsjKshWzzWkBb42TQCASiGbEZTv1tinZP8W15hiwS5cKdaqUOsNuDYXLK0DeKxQQ8sikSUoeby0asOzeZoEOdROGlFdSY7EJEm4FIlNljboJGFjRfXVLZTAkEOrQrGq+wwgI5IvtsU3NR7THRuf3O9fZdd5kdDtlUiwcAQLxbQdjP9tFEhjRkotmD/3veW2KM9Dk7qRnZrM70EY6hW2klhQacLU+KizL32bSZqEIRH5nCGVGdAUCMqHKCYPh/WR5mT6DqkDaOpsOXE8ANiM8KWSAeUV+U1e8qGYDXmBTBiFeqHcf3hQVSCDyUeyPtZpZXiowKwww6RDOA7pmYRtowFhTe4RRNjvIZS0D26Pd1hdI+9AMY3GVUzT/UoUBb8RBTSBG5pdDo7FxPwMeED3943AW+AVSHuIk2dY5xyJgbAVwOpkqlO7gNs8cjEDqXOBIwFSLQbXwfUhgWVd2+OntsZmkYtsWSO8l6jss/qOG6G4nCwJp21BJbAZ74uXNlKLzdbTZQ0C8uIXdh4WBbTlGNbeXMBnnXXpteIFs04Kta+tldm1HFQgWSL+o/O8QSFDdmxRIm5jyPBcFVYFgQMc/MBQDmQWEw3D7LZrX0bIAVcFjoONcQ59Lq0gAck1nsylg1JUvfPEUeAbrIvcJ5bIK+gIxgNgWC1VdbJhAuJc8ESrLyhovSy5I7ung8DLtC9LZRrUckYJBgRQGpw/ZAMbXSLXC5wWrn551GVg6oIqoLqkXHct97e6pMkhmQWtb5l0ExCJ9bm1xjQuKQGSALVBxBAwy6ZYuNkQg3ERBG0PHq6CPGWXr0FxNGwyMUD69aNcGtWLUvQAVtqVI3XEypE4MEB0tPTL7TjKwOe5j5bwts31IZ3sfCcT92nIDz0yxdqKAN8oJYfDl0frYEIFwLcUG/HLCoBqM6pK6kCr3wFSHhGXZFa7SA3MCtiTNEN6ZxCCBmJ0v6nQ+Fdas1wQieHaHIyBqp4YEiGaKYwK276osaVNZ7jmEDRGIBRzRs9lAHQnCFvR6wBOyMidC5vUoXFNlrcqAF2V9pdnlHugcZb6BaeKZUAqI02Cv7idDz9e1M4Tg/az3mN3bvJfF8zEzjCyRbdfXL9+6e0mqo2yjUbk1BOKZBI57t+eeVbaXrTPqDSL24oiQa2yAzQZUYLa7XqaYkYdt3suy0mbnHr1LPXVHF8MuJUNtmCGMJEOocmsIRGDo7zPsza6QwCgXEFpkIhAxD9vW31lCOCJ4wSnXu2CrC8QijB0ZNVp71oYrWspkQo0wRlCSz31KHbexLOMy8FSE/JRz1/nApbC08yKu5Rw4F9CV+9UoetdOe3t0y3VmIxfZ+3heH+JoL8jj6orwxSbeqX9PnhOjTVVRZd06ywHuL+XfLe+z7DNYWSATx+XKApF0E8FOXI2C11EEssyGTFg/RjfqFnrEDAKiCcshhpHsFCgXjCoQi0CiXIbPjpEJw7DAxYHQdxyQEiyOKhB0jFzXCcOQEeZx6SuemVgHRhWIIEj+nw8vOJqwHPJf3HjfhxSMbkMmrIbRBOI/2ohmJ65GWYJRBDJxXK4sEJubBTUTV6PU/ygCmWzIONgiRn0KCtePfl+NKhA7O+zec1NLtBOWo2xTsjGjYFSB3LY9RusBE4YhZpPm11eWH8oOlVEFYr+sLTcMvA0DE4ZBVVnPYcTtjiwY3YZICXSTZROWw67GLkYXyITVMJpAyqe/E1ej5eFRBDJxXK4sELsMfWg5cTWWPcyTDdlGMKpR58rtH/oSqSy4TBiG/1Znf7NvTgpGFYh/HOkY/aEJw/Ddof1m+spmQVtUYVSBlP236DOvCcOgQYq9sNN/iwjEQr0tn77BFiBOWA7/YU8+ywdABaMKZMLqGE0gdob7amniavTZw0oCsRnZDSaOS/9Xa7MgmPEfb8p/0pm4Ov3n7/7HoBMmTJgwYcKECRO2MLbb7t/gip2PIai2nQAAAABJRU5ErkJggg==",
      "name": "Céréales",
    },
  },
}
`;

exports[`Testing graphql request productTypeCategory MUTATION productTypeCategory Testing deleteProductTypeCategory(productTypeCategoryId) should fail deleting a productTypeCategory because not authenticated 1`] = `
Object {
  "data": Object {
    "deleteProductTypeCategory": null,
  },
  "errors": Array [
    [GraphQLError: Sorry, you need to be authenticated to do that.],
  ],
}
`;

exports[`Testing graphql request productTypeCategory MUTATION productTypeCategory Testing deleteProductTypeCategory(productTypeCategoryId) should fail deleting a productTypeCategory because not authenticated as administrator 1`] = `
Object {
  "data": Object {
    "deleteProductTypeCategory": null,
  },
  "errors": Array [
    [GraphQLError: Sorry, you need to be an administrator to do that.],
  ],
}
`;

exports[`Testing graphql request productTypeCategory MUTATION productTypeCategory Testing deleteProductTypeCategory(productTypeCategoryId) should fail deleting a productTypeCategory by id because invalid id received (too long) 1`] = `
Object {
  "data": Object {
    "deleteProductTypeCategory": null,
  },
  "errors": Array [
    [GraphQLError: Cannot read property 'id' of undefined],
  ],
}
`;

exports[`Testing graphql request productTypeCategory MUTATION productTypeCategory Testing deleteProductTypeCategory(productTypeCategoryId) should fail deleting a productTypeCategory by id because invalid id received (too short) 1`] = `
Object {
  "data": Object {
    "deleteProductTypeCategory": null,
  },
  "errors": Array [
    [GraphQLError: Cannot read property 'id' of undefined],
  ],
}
`;

exports[`Testing graphql request productTypeCategory MUTATION productTypeCategory Testing deleteProductTypeCategory(productTypeCategoryId) should fail deleting a productTypeCategory by id because unknown id received 1`] = `
Object {
  "data": Object {
    "deleteProductTypeCategory": null,
  },
  "errors": Array [
    [GraphQLError: Cannot read property 'id' of undefined],
  ],
}
`;

exports[`Testing graphql request productTypeCategory MUTATION productTypeCategory Testing updateProductTypeCategory(productTypeCategory) should fail updating a productTypeCategory because given field "rienAVoir" is not defined in schema 1`] = `
Object {
  "errors": Array [
    [GraphQLError: Variable "$productTypeCategory" got invalid value { id: "5c1b63e84342cf80303a87d9", name: "blé", image: "ceci est une image de blé encodée en base64! :D", rienAVoir: "ceci est un champ qui n'a rien à faire ici!" }; Field "rienAVoir" is not defined by type ProductTypeCategoryInputUpdate.],
  ],
}
`;

exports[`Testing graphql request productTypeCategory MUTATION productTypeCategory Testing updateProductTypeCategory(productTypeCategory) should fail updating a productTypeCategory because missing id 1`] = `
Object {
  "errors": Array [
    [GraphQLError: Variable "$productTypeCategory" got invalid value { image: "ceci est une image de blé encodée en base64! :D" }; Field value.id of required type ID! was not provided.],
    [GraphQLError: Variable "$productTypeCategory" got invalid value { image: "ceci est une image de blé encodée en base64! :D" }; Field value.name of required type String! was not provided.],
  ],
}
`;

exports[`Testing graphql request productTypeCategory MUTATION productTypeCategory Testing updateProductTypeCategory(productTypeCategory) should fail updating a productTypeCategory because missing name 1`] = `
Object {
  "errors": Array [
    [GraphQLError: Variable "$productTypeCategory" got invalid value { image: "ceci est une image de blé encodée en base64! :D" }; Field value.id of required type ID! was not provided.],
    [GraphQLError: Variable "$productTypeCategory" got invalid value { image: "ceci est une image de blé encodée en base64! :D" }; Field value.name of required type String! was not provided.],
  ],
}
`;

exports[`Testing graphql request productTypeCategory MUTATION productTypeCategory Testing updateProductTypeCategory(productTypeCategory) should fail updating a productTypeCategory because not authenticated 1`] = `
Object {
  "data": Object {
    "updateProductTypeCategory": null,
  },
  "errors": Array [
    [GraphQLError: Sorry, you need to be authenticated to do that.],
  ],
}
`;

exports[`Testing graphql request productTypeCategory MUTATION productTypeCategory Testing updateProductTypeCategory(productTypeCategory) should fail updating a productTypeCategory because not authenticated as administrator 1`] = `
Object {
  "data": Object {
    "updateProductTypeCategory": null,
  },
  "errors": Array [
    [GraphQLError: Sorry, you need to be an administrator to do that.],
  ],
}
`;

exports[`Testing graphql request productTypeCategory MUTATION productTypeCategory Testing updateProductTypeCategory(productTypeCategory) should update a productTypeCategory 1`] = `
Object {
  "data": Object {
    "updateProductTypeCategory": Object {
      "image": "ceci est une image de blé encodée en base64! :D",
      "name": "blé",
    },
  },
}
`;

exports[`Testing graphql request productTypeCategory QUERY productTypeCategory Testing productTypeCategories() should get all productTypeCategory 1`] = `
Object {
  "data": Object {
    "productTypeCategories": Array [
      Object {
        "image": "data:image/png;base64,iVBORw0KGgoAAAANSUhEUgAAAGQAAABkCAYAAABw4pVUAAAAAXNSR0IArs4c6QAAAARnQU1BAACxjwv8YQUAAAAJcEhZcwAACxIAAAsSAdLdfvwAAAAZdEVYdFNvZnR3YXJlAHBhaW50Lm5ldCA0LjAuMjHxIGmVAAAMC0lEQVR4Xu3cA5AE2xUG4Bfbrti2VbFtO6k4qahi27Zt23gxKqmKbdvG//XMqdfp9MzOLDI9O/1X/bVz233Pvece9R4wYsSIESNGjBgxYsSIESNGjBgxYsSIESN2hmOFpw6P2bT2ObzkJcKDN63h4KjhA8Nvh/9u8Zvh/cMjh/sGZwzvGX4k/EfoRa8Z7hWOEp508nMhnCf8QVgCeHr4gOlfbdu/F54jXEscJrx0+JSwPeL+GL5n+vuF4V7gnOHvQvd4nA3BwaZ/+2CwOP4P4U3C7szVvmlo/2/C04ZrgeOGNwtfH/4+LCEYWUba5cLDhfCt8CfhXqitp4bu+43wX6F7/S18TNiF+382/Ht4YRvmwH7HfTKcJ+BB4CXhP0Md4e/Hw/uEZwn7Hv7JoWPP3rR2F28IXftUocHxtbBm6fHDNgwS25/QtLbGE0PHX7JpDRgHhh701uGxbejBEcOrhM8Nfxo6/k7hbsNgMEMLnufn4a/CI9jQwvNDz3H6prU1Thc63iwcNO4RetDLNq2DYGG9XfiO8C+hY4rWkxOEu4lDhFTkj8Ja1F8Tup/1oY1Dhb8Mv9y0FoPZ/qfwvU1rwLAweulnhhcIHxF+YboN6fJPhcxHauq1oe1HC3cDOsrsJIi6J35x+teA6OLioX0PbVqLw+L+wcnPYeM7YbszqA063EJ/vLAN64tjLta0do7Hh6734/DR4V3CV4ZlYlOVXTwttG+ZdezkoXNe1LQGDmqLGvLAhMD0nQWCcBxbf6e4UOharJ/ujHMfqvKrIXVWYF2ZTRb7ZSymO4fudYOmtQa4auiBH9S0JqZwn93O/KWLP9a0doZnhe55tqb1v+CL2N82a/kqtllvdPJJwkXwoZAJvVuqds9xyNDI86JG4etCquvwYRdvDpnIO1nYjfqfhWbALDA0dD7josD8ta1ojft0eK/wNGEfWGtU4Lub1hrhsaGXvGB47+nvK4RdmPb23b1pbQ8XDV2D1XPWsK2WCtcIHXPzpjWBmWvbq8PrTf+2ndkPhMcJ26CG7btt01ojnD/04I8KLZh+Pynsgk8gFCFW1NeRi6C88uJvQ7Py0GHheaF9fIjCw0PbdHLhsKGB84rQPjO4DW0zabdN9T0HtaWjPxPqaJ3E5O1D6XejeFnUwsy643ET+lembU4o8DV+EX6uaU1wi9A9rQWXCT1vF9Y26sn54Hp/Dj/RtNYQbw/FfcwC05+l0/fiJwzt+3y47Czh7+jYCiD24VKhY5jZhY+GthUJ7AXhlUNrnfTA90MBx4q1ldoTsV5LcLa8wLlDEV+/Txn2oeJDt2xai0P8yXlU5Cw8J3RMWXr8IYYEtebZHhl+PXQMmgXod9thfGnYvs7aoRZsf+86/c0z7sMxQqNUGKPrQM6CkWsU/3D6uw+lrnjrBUKv52rjzKHkFJXE2uJY1nWtR78OqcO1RTlrzEhWjN/XCWfhhqFjqLfS2/NQ15+nrkRkHVM+EVCly/oRdR2GwNpC9NRLMIHNAC8zKwpcoMed8/Jw1qgvlOV03qbVj2eHjjH6QRbxr+GyfkSFWKi4tQXP10s8o2ktBqGWd4bOe7ANM6BjBfgcx9t3Dm+77TcwIITc5UIKZqhzbtO0FoOBQS1K7w4+KTUPJwu9vEzhMjhSKErM3qfG+nDH0LXfFrLO/MZ2jkL62La2mhFsdN1ukqoLAmeVcWpvH3avvZY4V+hFHhZaqJfJsBGm9C5zuFtUwDSWmrXIlq/BdDb62x0tg+n+MpZgXWLGSowpaJinEkVyndum53ljKBh6pfBE4Vrh+qEXEa6oF1TrtCiEXThmXwrbXve1Q9dirs6Cch6qzOwpECQrrjqYGrI2CL10QT2JjTGn7xAqxjBrK5RfpBLfFXoWz6WOa6u1b2Uo30PoxMtJny6rgxUluAYVBV5WJ/MT5pnHpdK66WEhGj4Hj17wszpWqKQ60qCx7S1h19rj5G4lJPGwA0P3kKFcphRpT8H2p1aOHtLbRtKyoMsJ0ojVOWU+vyqcBR1rITdDWHcFKtRzyOeDwUEdik+5prQB8NTd07YKlZhJYl7UX5+QRAwMAprAe7eFxKqjIlcKoQcvT+fWWjLPX5gHqWDnXz1UzlMvqpDBwt2FzKD9PPSC6hMhettVTLbB87a97ZWLGhOChFfdr7iIkKxthMTCdA7jYKWQCPIg9wuvOP19t3A7OEPo/NL/qkReHHLubOtCENNgaCerKoyDzuOHMH35SqVabxQWmN+iCuXV82euFrLYnFszqDhLSJxi+w2mlaLCJszWCsrRu9tF1VSxdKq+9sThmaZ/FTfQ6TrFcUUdR5+LCFvEPcP7QkHP9nGCjWU4EOR3w/Z+HW5GMn2tCxxNSSwLuXVOdKEqJdvniHgbHJ5xpdBBHor6kF/weydR0iqq4xMULhIarV64OkGYvxZu605bl+swziaBWlvMCJ3JCqzcP6EI3TvWmsBSFGnQ4a5d10K1AwRp8TbwqnbZvreGymWtJxzWlaPyDYqpK0G1rIPYRoXQxaSsT7J72oTBS9e5fX6BjhZa4QuZIc7xV+6kD5V9VKzRBWOBWXvdcJaQanBQq4PyU+QVPJgRbYEzUndSzKBjmZN8klInVE/FqPgdbV+l0M74uYZRrxN1XHu2FWqEzwvntzFPSNTlotWQe44KLNaskDlk/m03TQtVWEe4wvltn8aMrMAfL5rnPguiAMxiQunOFDkS60tfQcaiICSaQc6F6hoEKm1beQj2/k6/BeHHEEjbGuqCeesYVlgXnullk5+NUDwf51AevWDdUQm/G2Bg8MMGg6qn3Q1PtYrqZO3A7Lh82M1p2H6rcJaqaI/8Uk+VqKqyIDVeuwGWIb9pMDCSvWC7Fmq7YNK6VnV0JacqnsXZ6+brdXBZT30Qqqe2yusvh1IZqgjBTsCKcy2DcjAQE6LvZeh2CrEw5miBmmEJnaJpTb5u6nY+p64v/81rrrWMicxQgCoLQvpfutaMFA8T6KzI8iKoDOMgCiKsFWxzpEM5SNVGBQ0cumXgOu+f/NwW2uENJaQFnS6UDwrtPCsTmSktklsCQoNLMFFWk4XGnK6vwRTOtd/RszpHvkZb2GhltVxGc/tF+kgoy4Cn3a7rol44Yl2cL2SGdqHDBDnbIJhSWSwji7wPUtvgYbvXQ0KdK1LQfg8WmXqv8j/mcTdU97bAS6ZeqJMu63sMo2YZMHmpEYFK8ElAX5GCoOBWRgSTmBoSBzPqmcsVYFwkAGqki8+pUOHnGCzO9b1I3ztX+Wmf3/N/AYFgHzzgdgTC2+fHGMVUCs/dDGHmWuh1Kr19rdDaoVbYqHYfKkbUWSyqPqNDo5oDC2WA0PnzDIFZcK4Z1AeVkfbvK4EAJ65G43ZoRhCKyC0vmvoptOuDCZ4jy/wlXD7UVkJy3sYJBCotLKiokNtaJGRBfQjisbbofIFHs0pxtZhS90NPwUOdXrA+icy63ofDqmgpbiUkx2ykQHSu8+dlDLeCqhbXoMZAx+rwdq0Ws5gqFMVdREjaGykQ4AFTXduFPIZnqLIe64+2tWkethLSxgqkKlhcazuoELtsHugo7Vrgl0EJyfkbKxAJJde4cdNaHrUOVRGeQKT2VsVz8+D8QQtEEsiDdFk2Of3dt38RyoW7xpta25Zh1fsKoWgLAFrku8ctQ9djGPTtu2+4coF4gJH/zZUKRMmNBxg5SdKtXCCz1pBNBLU1CIFIFqnq8B1HRUU3AWJp/p1IfYI9GIHU5wg461O2/Yj6Hy7iZjCoGSK8wapp5633O3yoJFMojAODEciICQYhEBk+zt/Iic+1coF4gJH/zZUKZFbGcBM5qIyh8s5NMnkLCrrl6WEwi7qyGTPFerLoPwfbD1DAp/jBJ3EwGIH4f1Q+jvEw7dKb/Q4d753rH6oNyuyV6pRO3SSooPS9YmmF0Q8ZGAYhEKqqBLPprA+FRoEMhIMQCI6YYFBrCOuq719X7GdY1H1CPbhFvW32Vk3uJsCn1965/i3UYARSjqGyzU1yDJW8cgzrg9NBqaxNDZ2ojqyPUgchkDG4eBBXHlxc5IOdTeTKPthpf9I2ckIfAu2kMnLEiBEjRowYMWLEiBEjRowYMWLEiBEjlsEBB/wHRFeqwdJijSsAAAAASUVORK5CYII=",
        "name": "Autres",
      },
      Object {
        "image": "data:image/png;base64,iVBORw0KGgoAAAANSUhEUgAAAGQAAABkCAYAAABw4pVUAAAABGdBTUEAALGPC/xhBQAAAAlwSFlzAAALEQAACxEBf2RfkQAAABl0RVh0U29mdHdhcmUAcGFpbnQubmV0IDQuMC4yMfEgaZUAAA+gSURBVHhe7d0HsDRNVcZxckayIEEkZ8yASs4CEgQJShAVA1IiQf0AUbKJrJIpySDJIiOUBAERlSxBQAwgCpgJRvh4fntv32/u3jO7s7tzv92XmqfqX+9u72zvTJ/pPqdP99z3NCeffPLEDlEWTmyPsnBie5SFE9ujLJzYHmXhxPYoCye2R1k4sT3KwontURaeiFBVfqJRFp6IzKs65kSgLDwR6VN17C5TFp5oDFH1vV2kLNxlotOHs3Y4Q1hJVb27Qlm4q0TfFp4bXt3hheH7wsqqfmPblIW7SHSu8BfhK+G/w3/t89XwwXChsLaq39wGZeEuEl0m/HX4dPihcIPwA+Hvwt+Hbw0ba/+37jL/+6cWZeEuEl02fDJ8LFxov+wc4SPhU8FwNoZuE74Q/iFcfv48jpuycAyis4QzVZ+tQ3RqGOT84U+Cyj8UBA3l+RwXZeEmRFcJDwm/HX4xfHc4fXXsKkSHDKIgGtMg1wqM4Mcafxx+OVwhlOc1NmXhOkQ3DSIgDfbPgbP91/D2cMfqO6sQHZdBzhZ+PRim/JBz5qf+ff89PhGeEr4/lOc3FmXhUKJzhh8Lbwh/E/4zfC68ILjI5+2/f2/1/VWIxjaI+cz3hPeE/w9+xM3TgoNvCc7/s6F9/uXwyvAz4YKhPNdNKAuXETnZ+4c/D+4m4aeGeWL4waBxGIsfeUv4j3Czqq6hRGMa5BuDIfWLQeXOzzDbN8m8TxDJtePx7vAb4eqhPOd1KAv7iEzANLpGcOe7c94WfjXozhrtwF9E5g6PCZ8PJ3XrWpVoDIOcLgiX1aNS6BXfG4bo2oFf+ZfQvv+PwVB9hzAzaHX+QykL54nE/S8NxtJ/C18Krwj3CtcJF507/uzKwvXCqwJ/oo61o66oGcTY/pxgTH9mMOYPNcgDg0mlCvUKN9IsklpRru9x4TPhf4L68Efhl8KlQ3kdyygLEbH2D4c3BZMv3VW31Qh3CqKn885959zhEkEsL6VhVq0XvTxctnvsqvh+YBDG1QgN74cY5CLB8KoyMMzDw6a6c/jbwH+2uj8afifcMNAtw++Fa1TX1qUsRKRhXxv4h/eG3wwqvlI4S+c4zvECQYNxdm8O/xcY0Hf/N+hZ3x5O2/2NVYiaQf4p/Fy4W/jJ4C4dYpDHBxUZbvQOrxnTOQpKXNcmEhobRQzlbkT1M5Kb8X37799ZXVuXunBv7H9AMDy9Ltw4XGLuGA77m4ILeWgwlrvrfEdPekRwh7wxOMmXhJt261iFaFMf4q5VkTuXL9Q7PrBfBr1NA4oaN5W2c06M3epnJEP8TNU1oi7cu+t/Pxiv7+595zPR0zcHzvGpgQGEg+YefxruGc65f6xh7xrBcU7O55dpda1CZMLJ0Br2PAqiM4f3B451Fu306MeDBjdkfYeCfV08/FTg5/wIDLF85NMCX7Guzhdaz2j1Xjgc0aHr7L7pEnF4uvcTgt5w3nCpYMwUi7O4yZQ4/WXh1j31nDZcPhi2DF+GjqtWxy4iukkw1Ijq3DBNggs3xK1n72oJz1XyB7N3R+XGuXnQe+b9DINfP6yi2wWJ0FYPDOPKezW7zvkLb0SXDBpAL5ECkUL4s6BiZcZusfzVqu93ic4Y7hL0EBPIR1THLSL6tWDMNxx0ZYhR/qTZu6O6WtB79ZA7KlgiQ59I6R3BD8M1u/lEaYskYnt2MBo4J7Q64OZerOriG9HDgnFWF24Rk4hLoxwKdZcRnSlwxC7sw0FMP8jJR4YrwxKa/2j6hvDxYOi8poI58V0qMd9YRRKNPxJkHfRAdWgDr/VKN2yTHuvudx6MoJ18zw3cvudfQ+NiVQ3QiFy8ocDwpfs6GQ7+jNXxfURXDo8MHLKIhpM3zC01anSxILJyUaKqSuY4recaHpsMtXqkin5FwZq6bpAKEkCoC3qc4doU4PlB+zCGkeP24UZBzxRtijx99lfB1KBfVSPME5novDgYF+9QHVMROSnzFukTztPJyAFZ4eNPTgoXq76LSEBgldDFPCv0XYxAw/jvuL8MAg5iBBUJBExUN5V2ECm9PqgXbhS/6/WLQvsd8zBlUixXDXqN9xba+lU1xDyR6ECkZFZsle501XGIDE13Da8JTuqWc59z8vcOhi3D4f27n3eOu2IQOrpgvmrxnbVnFPkoPUUPZMwW1kptjCm+wsjB4au/odfwk7cIRgNlbgrhOX/s3L4z9KtqjIrI+OcHNeaRFEgkFOb8ZU8fG3qdfeQu4qQ1tm4sejswcsQvuAtdgBSFHNQQOY7fc54MbrgQKa4aJQ1VC2v14uYv0HqDHJ5rkeLXLsoER/3qNlQfEQs3P/Kcuc9EMRpN1/yF0DsEdYnMBxjZncO/nKPzWQtxDW0mn6tI/G/VrzlShj0OmZ8xvEBDFsJ5/mgwW3cj+W1DGb9rKOMzlb0z9N9g3UbqIxK2/kQQIf1ukL6+VfBDhiZzkzNU3+0j4nDduRyx9Wsp/dkENDJXcTEu+kDzdfQRyTy3cZ3vOg5x1OqXiZgX3ynLbe7lGLTzMYz2q7qgikg0wWGq8F3hGeEG1bGrEHHWoijpl7ZWbhwWauvuB5r/bh+RG0idejSfNrZkBURY6hca90l+6+eDBK0Tg4mnyLFWdUEVkQjDmrM7+lrVMesQSd+/NYjgZrmuSI/hWw5p/ruLiEzsjOXHIUGCH+E7hkjA0TZPSNT2q7qYisi4Z3w0Zhq+1s7czhPxT+4cvY5vESXxH4dUfbePyF1pmBDVjSmN62bxIxKoQ3S5YD7Er+kx/aoupiISKYiw+JFnV8esS2RtW4gsmysLwCB6jJn3uggyjsMgzs9JO7+hAYelXt8xk1+sqoH6iDjZlky8YnXMOkTGfDkpIar9uuY7PtiU4zAI/6lubTBEfr+FxCbJi1U1UB/RbYPu6qSWJhVXIeIoDYkmVHqh3JR80Lpw6mMbRGTp3NwwQ+c2Uv8u0Pl00zq1qsbpIxLuGlY4S8NC74x9GZGGmt8QIS3hjehFRCdCWpeWPxrTIH8YnJ+NDkNl1dV3zD+Wq9tIy4hcqDSGSdujqmOGEpmHSDHwH2bqFoPkoDhjE6tdc+pyUFI5Kj9Y+VsiGW2zdSG8hONyVRfTR2Sstywr9LXoc+bquKFEsqjWMUyuHhS+K8j9aMhdM4jtTyp2XkPrNMfyHb19mKqLWUQksjAciKdvXh0zlEgIaWKl4WR/7xsEDrvYQ1qiUqZiiCxdyKf5zvDdLdXFLCKSK7KiZj7yoJ5jeucokbyYjKeMqUUgM3QOXOPJOzGQ/M8uGeSnA79priQLPURWF52IBb1DGYc+zc57/kKGEFkdY5Cnh4NNC5HJowY/MpRFdqc8Oui+NpTJgbnbzNI1HCzotKXjeYPomfyNXYbzKJ/frDemQThxla6SqGzfsbo4SLPz7l7EUCJjv3FffH2wZzeSozHrvnCnzOZlaykaWUqEIXV/qfFmCAeaxbpgd6Cwct4g3juuj0+339z/3bEMwjG7UTjmhZsUOnKcXu46Bj//ODvv7kV0iZpDGgLjuHDpZ9tnrrxfh9XBJweTSakD3VjCzUYCx1rvZiQHG7YYk0Qm8waxSeK3FnCPufMfyyBWSlVo7lXJtbT1j2XwjeWQd3De3YvoEln79kIaw9yjwt3uGJNF+Ro9RplhhH+wa9xdYog6tPUnsqfKviirfBpO5CZtrQEX5rIiIbOA4GAH5TzRGAZxDS2F/mAFhewx8Lm1kaqNGj53nGTqER2cd/ciukTNIHetPkdk3cELjstGBmvXGkEeSTjLQLbECGXP1lOHHSV2R9pA0Lbp9Boksj/M+jkfJBl5gfk6948bwyBuFpXJHghmKjWDLHwGJuI7vThikEPHdd90iVYxiByURSoLVhqhu2LmtfnFoVl9pEfpvmb8dkmqQ/S2sIdEFrLccd4YCi/VrbcRjWEQ6XWVScX0aScNYg5h/mDhnwPkoDWGz94Rrrl/vIklA+j+1hQsRHHuGtZ3JBb5isqHtN/UwDaCM/Khtfgu0aYGMbPmmJ2Lc+7TRgY5ctx8QSNaxSB6gZmsnR73C/I3knCcnbuZTxES+1cv4mcYzoKX4cAWT8bRAFLUVdhbnkMf0aYGEaioyCR4kXbSIO5yW2JkQ+W7zCU8W8KX2FFu8ifC8hwFQ2gsu05kj43N8ljCY85fYpFhZEeN4eviRljXIPyh6M8NdQ8FC7STBtHIjKIhLrL/mUiIgTQ+/yDsFXEZqq5b1CXqso1Iz2IUhZuyrkHMm3zfNp9lWtsg5XFVIaJVDKKx5bZ07+t3PtfI7jAG0dD2JB1s9+kcp9H0KhNGxnCsO1wic1005joGMbS259Vtb1qmnTSIhmwTKE83nbtzjOfXnQxfccPu9zvHSLcIjc1FBAF60geqY4cSretDLFOrQCg/e1ZwidYySHUMykJEqxiEr3AhGt0jXFfvHCOHpYFFYtIIhrJZrisSLfmeWTBHrx7RmrB3WwZxQ6hAYDJEO2sQEzyTNcOTxw5mO+QjK4Ee8DEUuVgPP/5skFKxpmJo8pldjJZFDRlCzTEM4oXgwfKwXrhMMgVSOAIRe5iHSP1+51QziEbkiCvaRTOC94YuSTihqwZW5q8hWPr0OJroyfEQwbiDlXt2w3q6YU8ILIxuqQYXoh6Bg/dv23/fR9tRqEe234KGFsXZnFB9D21FUA+tPq9w8/hOC1j6MBw77jpVezfKQkTNIBPjsrFBpDWkNCY2w7xqFIP0+pCJ5XR04EOq4xplIaJDBomsY1h67V2endgjsmQrQOkGEuMZJFgi5SQ54TtXx0/sEXkAtO1UFICIGmlUg8BrbLQf6+udyDxLxOWNaE1uj0Y1iI3WnrG2rHvB6viJU4gkTW1u8Ldhmsb1IRPr0dFoBpFj8szGxGa0P7WxsUEmxmVjg1i9M6mZ2Iy2z2DyIbtANL5Tj6ZJ4UDm2yoaNey1k9tTpCq9SnX8xClE9hDYmP3ATtmoBrEM6zUeXR0/sUdkzmYJ2hsp/7YYN6pBPD3kzw5x8Ec2KEycQmSF0hoQJ/7MTvm4PiSSEjiyQWGiJjrf3PtxDTKxGdFoBrEJ2h8gm9gM+9ZGMcjEuGxsELtDbAud2Iy2gWLyIbtANGrYK5Tzlz/9mYjR/l+pr1ciz754CuDSnbJRDWLTmNe4X3X8xB6RZ2Ds8vfGTs7ZX9qLRjWI/37Ca5xUHT+xR2TJtvkLuzKPxSAW6u259ce3eh+0nNgj8nd65bOu1CkbzyDV5xOrEY1mEH8h1IM3E5vh8YaNDNL+NtTEuFy7au9GWYjIZMZzGx4ZmBgHTxmfq2rvRlk4sT3KwontURZObI+ycGJ7lIUT26MsnNgWJ5/mawDV7s76Sx8WAAAAAElFTkSuQmCC",
        "name": "Boissons",
      },
      Object {
        "image": "data:image/png;base64,iVBORw0KGgoAAAANSUhEUgAAAGQAAABkCAYAAABw4pVUAAAABGdBTUEAALGPC/xhBQAAAAlwSFlzAAALEQAACxEBf2RfkQAAABl0RVh0U29mdHdhcmUAcGFpbnQubmV0IDQuMC4yMfEgaZUAABDxSURBVHhe7dwFtC1VHQZwVFQwsLBbLMRAsQsDBSyWgaBiJ3Z3t2J3dwcGBrZiYOuyG1tRscUWv984+6w5c/ace98789596nxrfffO7L1n7sz+7/2vveduN2HChAkTJkyYMGHChAkT/s9x3HHHTdyGWC2cuHGsFk7cOFYLJ24cq4UTN47Vwokbx2rhxI1jtXDiMIPj1crHYrVw4jCD04UXrdWNwWrhxGEGO4bPDE9fq1+V1cKJyxncLrxErW5VVgsnLmdwo/BytbpVWS2sMThbeOnwROEWNWzbAoMda+UYXCa8X6X8BO3vE4cXCy8SnqTfbhmrhTUGXwod4L/CX4XXq7X9X2BwuXCHgbpThh9sj08aXi88PPxb+LXwveHnww+Eh4Qn7d9jiNXCGoOThQTxu/Be4Z9DFamuX/PfyuB44fXDc9XqMXhHeJrwieFrwr3DM4TXDb8bPiC8ZPjZ8Ly1e9RYLawxOHX4i9DJydsyU/Mvbdn/lBoLrh4eWKvDgKd1j/Dr4Wk65YT5/PCD4SXCI8NTd69dxmphn8HdQwfHhBev1P8+PKpzbgq/L/xM+NXwyeEe4ZpCC24fvn0r8QW1Z8CARqB6tq/UGYgvDH8TXqNXd4XQDPlR+IPwqd36tVgtrDHw4y4DdQy9g0eE1JpjwqNPvxH+sy3D39fuURh8LvxT+M0tzJ+Fv23/5rnD41ee5b7hrpXy7UOzwDvO7ExARX0hfFx4vvCh4afCU3SvX8ZqYY0BA+XgRAP1/2jrn1KpMzsc4G/69V0GZtWHanVjMKBS8OZhMziCG4S7VdpeJdynPWa82YkDQt7mM8IjO20JwIx6TClry48I9+qWLWO1sMvg7OEfQieH9ereFN44PH5Il960W99pd6bQQbW+y8B9PtAenyp8WPjwkfjgcIdQYHer0Gw2qvcMb1F5ln3Dq4UE6JpXh3cMy+x4Z9vu5KGB9JBwzl0OXhleuVvWlp8gXFSH/YI+A+6tgxNW6q4aFhX11/Al4c79dm3bK4UOdqrVY7BzeGx47/acQB4bPn4kPjI0eF4Vvjb0R74YUlkvrDyPmX2H8Jzh68PTtuXsy3PC94RnCd8fPi/sC+MkIQ+MXXGv/cKnhK5DApyzq7ODZQz8+EetDgMP/Ya2HR7UqTO6HtWWp2jx+sKgCHhBfYzJ4MrhL0Od7O9dIzw0PHuvnbyVjuPm37VX51nZuzeGVNVcbitgZwje39GGintMeIvwoqGZuhB8zp3UGPCrjdq/VOoESJ8OnTQGPzhhOJuKgbjFSz+xlA0x+ET4/bCJeLcUg7uG1LCR/u7wt6GOunml7ZvDb4cX7pXvEzrgae0WXjOkzq4dUnNvCz8SXif0d3BtL7NWWBi4sQPUWU8L7xd+OCSkUuehfjpwD+qAwV/aycH5Q4K7fq1+TAYfC7/QHhtU7MHrwnuHc95WYHZzY+diicCsceDdZTGowGeHXwl5cHcOB9XzEKuFXQb0p6jUSGcnFBpdys7RtjF9HVyyf31b/6zw8FpdYSDI+nU4mEMag4EYgl00epuALrhnyDXn5jK2RvO1QsEhW/Htyj2ou3eGIvKzderMFjHI7p0yayiXDTkPu4dnDRfc7KZtrXBzGAgAHezbKWPojPo/hk/utu8zoI9nbuSYDNixkvijUjzPXcJrdeq/F748JBCBsNwUGog/7t1PcvEFIe9qzlMKuMdirwNDwnlFyHEgQDNIrLZn95ouq4Wby8CscUBFXTzcJSSQtdSVtkboXNQ7FoNThHJTPCzqhyt9gfBenTZceEGdkcyt5eHJVRHKX3v3M2uu2C1ryxny+4eSjGyPe5p1Z2nreV3L+6JWuB4GdwtrrrCHKpE5YeCx/XZdBtIQR9XqxmIghpDBNVjOGwrkqMkyc7js8k+i+Ht0rpMGkjk4VXsuMORCn7jThqDPFYp1JF2lZQSVzTWbwmrhWgxMcQdoNDyi0uaC4YtD0/eR/fouA8Hg82t1YzHQQWICeTc24MzhLM8UEIicm5NZIBdwfRnt84RiDrbnIm0dj5KQnxp+KHxZOKeOAn3FsSHIc3fraqwWrofBz0MHOtxvhn5m3DaFgYzxYGZ1DAYMKzv3qvacrZCJbXJRAYFwW51coHct11hgJ56Q5SVcASuXn7dJI+iH87ftaYldQy4v28ErvWV4hu59a6wWLmPgRW4WfitUIMC5cFjUVDVSH2LAzji4WK1+LAaWD44O79ApY3BlEHhVOk6m2Xs0M6Bt4/2oOxG2gcP54P7fJGRvuOsicJldM4G94nkJDw4Kz1nutR5WC5cxeGvowMtdt1dHfW2SLQgsdTo4X61+LAb0vFl8QKfMqH1uSJWJHaz3zMVCAWGVLMRPQjmtvmd1+ZCr636icesg1STsWqwWLmPAO/HQC2vFgdHiYCFlPcRg3QIJ6GO2iefCsN465Hqua3EsEOfMMgaBuIALTP1IApr5hPbgThszy9qO4NFMmPOSAjPopSEPTQZ5FkAGC07PWqwW1hgYYRbtDwsVVCPq4KhQZ1FtcjZ0L8N3yoH2awokoJMZXCOUlyRr8K6QM+Ccbdi/dm2XgVlwaOecQAip2fgWWNehnl4UNp0ZGGT+jiCxCeYCQjIrpEvEI2bZLDUScBqknKgt3ui61Va1sMZAJzgQKD2p1gYDmU+5ISd9mlkP67VfKpDAyzO+jKaU+dzGg+AcoQEghXFIt67PQJ5stgoYWNcg5LN22jDY3N9mAAX+pkwDYXFtHbOfbAZBMdiN3Qx2CqXsLcyxOYR4xnLv9bBaWGMgUHIwl9sPzASG8NXt+d9DB08IuYxcQyNGRvU7oTqCkXagggYFEgikdCJvRtQrrySVU2IH9WYhI8o4GwgCM/fl5czlkgKd+JbQddroMDNsll0OxCjc3DOGpw0954VCo517K4j1Pp6D6ywb4fcVQ7NYND5Lm2wqq4U1BjpUZ3+tUlc8GCeWLKv5qID6ojacoL1eywTCVsifWSfR4WaBGSoVQe9Lbeu8n7fttTE4CMMq4JwaCwikWWQLxAxcd4HctTttDCCdLI1yp5CxNkMfHc42M7RtrXNYSSUodsRi18Ki06awWthnYFo7YNiqG40DI87ocMIwXqnSpiQhuYNFR1cFEogb3Oeq7bnOtqXGrJMnoi72aOu+2/42Wz8acme1k8Gd2a5Avuqn7W/txBUG0n1Lm7Ydx4VtIQyq+qbhnIEOzJ6Ph+wXwa0kiMJqYZ8B3agznEhdl0iVsZVMoy8VmEF0rVFLLS14P0HfsBaBuMYyaKEUhs4rgiMQbqklY56WDtVxVt2O7tyPEeZ+e173sJZR7imOoNbYARvYxBGcA3mnftqdwEXfZ+6Wt3X6gyZoAsZ+/SqsFg4x4FnQuU5Qp/tNEDq6uoEh0ElGY1FXzVpEWzc0Q+hsQiqeC4Hw4DgNXFWqSRrdsuwPe9ca3dQj3W4xqnhHEosicmqwSWQGvKEfhmfqXM9eMv6XL2VtebF50idWGBcMdqCNFAvP0iLWukMArBauh4GXZTsaexHwWIZmBS+IrtbJp+vVDQnEVppPd84bldUeM7IMfbO9JmhUVqctwTfOR2BnYfGCCITRN4AaQx4Y7Ty4+3euZ7AtufbXyAnPApTVwJowaAepe6pSRthMvHO/3TJWCzeXgRd9X6WcaiOshUApGBKIjuvPEFlXxvaGIZXEJaVWjuldy/g3G/oCBv5BoZFLIDK8jHnX1b1NKM1+svbcmvvB7bFnZ6zFGmyK2clb7C5AaSOmYbusd/DixCWbbFeWgReixXrINQQ+uPOHdP4Al9QMoSZm6w+d+iGBGI19G0JANlTwsiT16HCLRbMZEsjKshWzzWkBb42TQCASiGbEZTv1tinZP8W15hiwS5cKdaqUOsNuDYXLK0DeKxQQ8sikSUoeby0asOzeZoEOdROGlFdSY7EJEm4FIlNljboJGFjRfXVLZTAkEOrQrGq+wwgI5IvtsU3NR7THRuf3O9fZdd5kdDtlUiwcAQLxbQdjP9tFEhjRkotmD/3veW2KM9Dk7qRnZrM70EY6hW2klhQacLU+KizL32bSZqEIRH5nCGVGdAUCMqHKCYPh/WR5mT6DqkDaOpsOXE8ANiM8KWSAeUV+U1e8qGYDXmBTBiFeqHcf3hQVSCDyUeyPtZpZXiowKwww6RDOA7pmYRtowFhTe4RRNjvIZS0D26Pd1hdI+9AMY3GVUzT/UoUBb8RBTSBG5pdDo7FxPwMeED3943AW+AVSHuIk2dY5xyJgbAVwOpkqlO7gNs8cjEDqXOBIwFSLQbXwfUhgWVd2+OntsZmkYtsWSO8l6jss/qOG6G4nCwJp21BJbAZ74uXNlKLzdbTZQ0C8uIXdh4WBbTlGNbeXMBnnXXpteIFs04Kta+tldm1HFQgWSL+o/O8QSFDdmxRIm5jyPBcFVYFgQMc/MBQDmQWEw3D7LZrX0bIAVcFjoONcQ59Lq0gAck1nsylg1JUvfPEUeAbrIvcJ5bIK+gIxgNgWC1VdbJhAuJc8ESrLyhovSy5I7ung8DLtC9LZRrUckYJBgRQGpw/ZAMbXSLXC5wWrn551GVg6oIqoLqkXHct97e6pMkhmQWtb5l0ExCJ9bm1xjQuKQGSALVBxBAwy6ZYuNkQg3ERBG0PHq6CPGWXr0FxNGwyMUD69aNcGtWLUvQAVtqVI3XEypE4MEB0tPTL7TjKwOe5j5bwts31IZ3sfCcT92nIDz0yxdqKAN8oJYfDl0frYEIFwLcUG/HLCoBqM6pK6kCr3wFSHhGXZFa7SA3MCtiTNEN6ZxCCBmJ0v6nQ+Fdas1wQieHaHIyBqp4YEiGaKYwK276osaVNZ7jmEDRGIBRzRs9lAHQnCFvR6wBOyMidC5vUoXFNlrcqAF2V9pdnlHugcZb6BaeKZUAqI02Cv7idDz9e1M4Tg/az3mN3bvJfF8zEzjCyRbdfXL9+6e0mqo2yjUbk1BOKZBI57t+eeVbaXrTPqDSL24oiQa2yAzQZUYLa7XqaYkYdt3suy0mbnHr1LPXVHF8MuJUNtmCGMJEOocmsIRGDo7zPsza6QwCgXEFpkIhAxD9vW31lCOCJ4wSnXu2CrC8QijB0ZNVp71oYrWspkQo0wRlCSz31KHbexLOMy8FSE/JRz1/nApbC08yKu5Rw4F9CV+9UoetdOe3t0y3VmIxfZ+3heH+JoL8jj6orwxSbeqX9PnhOjTVVRZd06ywHuL+XfLe+z7DNYWSATx+XKApF0E8FOXI2C11EEssyGTFg/RjfqFnrEDAKiCcshhpHsFCgXjCoQi0CiXIbPjpEJw7DAxYHQdxyQEiyOKhB0jFzXCcOQEeZx6SuemVgHRhWIIEj+nw8vOJqwHPJf3HjfhxSMbkMmrIbRBOI/2ohmJ65GWYJRBDJxXK4sEJubBTUTV6PU/ygCmWzIONgiRn0KCtePfl+NKhA7O+zec1NLtBOWo2xTsjGjYFSB3LY9RusBE4YhZpPm11eWH8oOlVEFYr+sLTcMvA0DE4ZBVVnPYcTtjiwY3YZICXSTZROWw67GLkYXyITVMJpAyqe/E1ej5eFRBDJxXK4sELsMfWg5cTWWPcyTDdlGMKpR58rtH/oSqSy4TBiG/1Znf7NvTgpGFYh/HOkY/aEJw/Ddof1m+spmQVtUYVSBlP236DOvCcOgQYq9sNN/iwjEQr0tn77BFiBOWA7/YU8+ywdABaMKZMLqGE0gdob7amniavTZw0oCsRnZDSaOS/9Xa7MgmPEfb8p/0pm4Ov3n7/7HoBMmTJgwYcKECRO2MLbb7t/gip2PIai2nQAAAABJRU5ErkJggg==",
        "name": "Céréales",
      },
    ],
  },
}
`;

exports[`Testing graphql request productTypeCategory QUERY productTypeCategory Testing productTypeCategory(productTypeCategoryId) should fail getting a productTypeCategory by id because invalid id received (too long) 1`] = `
Object {
  "data": Object {
    "productTypeCategory": null,
  },
  "errors": Array [
    [GraphQLError: Received productTypeCategory.id is invalid!],
  ],
}
`;

exports[`Testing graphql request productTypeCategory QUERY productTypeCategory Testing productTypeCategory(productTypeCategoryId) should fail getting a productTypeCategory by id because invalid id received (too short) 1`] = `
Object {
  "data": Object {
    "productTypeCategory": null,
  },
  "errors": Array [
    [GraphQLError: Received productTypeCategory.id is invalid!],
  ],
}
`;

exports[`Testing graphql request productTypeCategory QUERY productTypeCategory Testing productTypeCategory(productTypeCategoryId) should fail getting a productTypeCategory by id because unknown id received 1`] = `
Object {
  "data": Object {
    "productTypeCategory": null,
  },
}
`;

exports[`Testing graphql request productTypeCategory QUERY productTypeCategory Testing productTypeCategory(productTypeCategoryId) should get a productTypeCategory by id 1`] = `
Object {
  "data": Object {
    "productTypeCategory": Object {
      "image": "data:image/png;base64,iVBORw0KGgoAAAANSUhEUgAAAGQAAABkCAYAAABw4pVUAAAABGdBTUEAALGPC/xhBQAAAAlwSFlzAAALEQAACxEBf2RfkQAAABl0RVh0U29mdHdhcmUAcGFpbnQubmV0IDQuMC4yMfEgaZUAABDxSURBVHhe7dwFtC1VHQZwVFQwsLBbLMRAsQsDBSyWgaBiJ3Z3t2J3dwcGBrZiYOuyG1tRscUWv984+6w5c/ace98789596nxrfffO7L1n7sz+7/2vveduN2HChAkTJkyYMGHChAkT/s9x3HHHTdyGWC2cuHGsFk7cOFYLJ24cq4UTN47Vwokbx2rhxI1jtXDiMIPj1crHYrVw4jCD04UXrdWNwWrhxGEGO4bPDE9fq1+V1cKJyxncLrxErW5VVgsnLmdwo/BytbpVWS2sMThbeOnwROEWNWzbAoMda+UYXCa8X6X8BO3vE4cXCy8SnqTfbhmrhTUGXwod4L/CX4XXq7X9X2BwuXCHgbpThh9sj08aXi88PPxb+LXwveHnww+Eh4Qn7d9jiNXCGoOThQTxu/Be4Z9DFamuX/PfyuB44fXDc9XqMXhHeJrwieFrwr3DM4TXDb8bPiC8ZPjZ8Ly1e9RYLawxOHX4i9DJydsyU/Mvbdn/lBoLrh4eWKvDgKd1j/Dr4Wk65YT5/PCD4SXCI8NTd69dxmphn8HdQwfHhBev1P8+PKpzbgq/L/xM+NXwyeEe4ZpCC24fvn0r8QW1Z8CARqB6tq/UGYgvDH8TXqNXd4XQDPlR+IPwqd36tVgtrDHw4y4DdQy9g0eE1JpjwqNPvxH+sy3D39fuURh8LvxT+M0tzJ+Fv23/5rnD41ee5b7hrpXy7UOzwDvO7ExARX0hfFx4vvCh4afCU3SvX8ZqYY0BA+XgRAP1/2jrn1KpMzsc4G/69V0GZtWHanVjMKBS8OZhMziCG4S7VdpeJdynPWa82YkDQt7mM8IjO20JwIx6TClry48I9+qWLWO1sMvg7OEfQieH9ereFN44PH5Il960W99pd6bQQbW+y8B9PtAenyp8WPjwkfjgcIdQYHer0Gw2qvcMb1F5ln3Dq4UE6JpXh3cMy+x4Z9vu5KGB9JBwzl0OXhleuVvWlp8gXFSH/YI+A+6tgxNW6q4aFhX11/Al4c79dm3bK4UOdqrVY7BzeGx47/acQB4bPn4kPjI0eF4Vvjb0R74YUlkvrDyPmX2H8Jzh68PTtuXsy3PC94RnCd8fPi/sC+MkIQ+MXXGv/cKnhK5DApyzq7ODZQz8+EetDgMP/Ya2HR7UqTO6HtWWp2jx+sKgCHhBfYzJ4MrhL0Od7O9dIzw0PHuvnbyVjuPm37VX51nZuzeGVNVcbitgZwje39GGintMeIvwoqGZuhB8zp3UGPCrjdq/VOoESJ8OnTQGPzhhOJuKgbjFSz+xlA0x+ET4/bCJeLcUg7uG1LCR/u7wt6GOunml7ZvDb4cX7pXvEzrgae0WXjOkzq4dUnNvCz8SXif0d3BtL7NWWBi4sQPUWU8L7xd+OCSkUuehfjpwD+qAwV/aycH5Q4K7fq1+TAYfC7/QHhtU7MHrwnuHc95WYHZzY+diicCsceDdZTGowGeHXwl5cHcOB9XzEKuFXQb0p6jUSGcnFBpdys7RtjF9HVyyf31b/6zw8FpdYSDI+nU4mEMag4EYgl00epuALrhnyDXn5jK2RvO1QsEhW/Htyj2ou3eGIvKzderMFjHI7p0yayiXDTkPu4dnDRfc7KZtrXBzGAgAHezbKWPojPo/hk/utu8zoI9nbuSYDNixkvijUjzPXcJrdeq/F748JBCBsNwUGog/7t1PcvEFIe9qzlMKuMdirwNDwnlFyHEgQDNIrLZn95ouq4Wby8CscUBFXTzcJSSQtdSVtkboXNQ7FoNThHJTPCzqhyt9gfBenTZceEGdkcyt5eHJVRHKX3v3M2uu2C1ryxny+4eSjGyPe5p1Z2nreV3L+6JWuB4GdwtrrrCHKpE5YeCx/XZdBtIQR9XqxmIghpDBNVjOGwrkqMkyc7js8k+i+Ht0rpMGkjk4VXsuMORCn7jThqDPFYp1JF2lZQSVzTWbwmrhWgxMcQdoNDyi0uaC4YtD0/eR/fouA8Hg82t1YzHQQWICeTc24MzhLM8UEIicm5NZIBdwfRnt84RiDrbnIm0dj5KQnxp+KHxZOKeOAn3FsSHIc3fraqwWrofBz0MHOtxvhn5m3DaFgYzxYGZ1DAYMKzv3qvacrZCJbXJRAYFwW51coHct11hgJ56Q5SVcASuXn7dJI+iH87ftaYldQy4v28ErvWV4hu59a6wWLmPgRW4WfitUIMC5cFjUVDVSH2LAzji4WK1+LAaWD44O79ApY3BlEHhVOk6m2Xs0M6Bt4/2oOxG2gcP54P7fJGRvuOsicJldM4G94nkJDw4Kz1nutR5WC5cxeGvowMtdt1dHfW2SLQgsdTo4X61+LAb0vFl8QKfMqH1uSJWJHaz3zMVCAWGVLMRPQjmtvmd1+ZCr636icesg1STsWqwWLmPAO/HQC2vFgdHiYCFlPcRg3QIJ6GO2iefCsN465Hqua3EsEOfMMgaBuIALTP1IApr5hPbgThszy9qO4NFMmPOSAjPopSEPTQZ5FkAGC07PWqwW1hgYYRbtDwsVVCPq4KhQZ1FtcjZ0L8N3yoH2awokoJMZXCOUlyRr8K6QM+Ccbdi/dm2XgVlwaOecQAip2fgWWNehnl4UNp0ZGGT+jiCxCeYCQjIrpEvEI2bZLDUScBqknKgt3ui61Va1sMZAJzgQKD2p1gYDmU+5ISd9mlkP67VfKpDAyzO+jKaU+dzGg+AcoQEghXFIt67PQJ5stgoYWNcg5LN22jDY3N9mAAX+pkwDYXFtHbOfbAZBMdiN3Qx2CqXsLcyxOYR4xnLv9bBaWGMgUHIwl9sPzASG8NXt+d9DB08IuYxcQyNGRvU7oTqCkXagggYFEgikdCJvRtQrrySVU2IH9WYhI8o4GwgCM/fl5czlkgKd+JbQddroMDNsll0OxCjc3DOGpw0954VCo517K4j1Pp6D6ywb4fcVQ7NYND5Lm2wqq4U1BjpUZ3+tUlc8GCeWLKv5qID6ojacoL1eywTCVsifWSfR4WaBGSoVQe9Lbeu8n7fttTE4CMMq4JwaCwikWWQLxAxcd4HctTttDCCdLI1yp5CxNkMfHc42M7RtrXNYSSUodsRi18Ki06awWthnYFo7YNiqG40DI87ocMIwXqnSpiQhuYNFR1cFEogb3Oeq7bnOtqXGrJMnoi72aOu+2/42Wz8acme1k8Gd2a5Avuqn7W/txBUG0n1Lm7Ydx4VtIQyq+qbhnIEOzJ6Ph+wXwa0kiMJqYZ8B3agznEhdl0iVsZVMoy8VmEF0rVFLLS14P0HfsBaBuMYyaKEUhs4rgiMQbqklY56WDtVxVt2O7tyPEeZ+e173sJZR7imOoNbYARvYxBGcA3mnftqdwEXfZ+6Wt3X6gyZoAsZ+/SqsFg4x4FnQuU5Qp/tNEDq6uoEh0ElGY1FXzVpEWzc0Q+hsQiqeC4Hw4DgNXFWqSRrdsuwPe9ca3dQj3W4xqnhHEosicmqwSWQGvKEfhmfqXM9eMv6XL2VtebF50idWGBcMdqCNFAvP0iLWukMArBauh4GXZTsaexHwWIZmBS+IrtbJp+vVDQnEVppPd84bldUeM7IMfbO9JmhUVqctwTfOR2BnYfGCCITRN4AaQx4Y7Ty4+3euZ7AtufbXyAnPApTVwJowaAepe6pSRthMvHO/3TJWCzeXgRd9X6WcaiOshUApGBKIjuvPEFlXxvaGIZXEJaVWjuldy/g3G/oCBv5BoZFLIDK8jHnX1b1NKM1+svbcmvvB7bFnZ6zFGmyK2clb7C5AaSOmYbusd/DixCWbbFeWgReixXrINQQ+uPOHdP4Al9QMoSZm6w+d+iGBGI19G0JANlTwsiT16HCLRbMZEsjKshWzzWkBb42TQCASiGbEZTv1tinZP8W15hiwS5cKdaqUOsNuDYXLK0DeKxQQ8sikSUoeby0asOzeZoEOdROGlFdSY7EJEm4FIlNljboJGFjRfXVLZTAkEOrQrGq+wwgI5IvtsU3NR7THRuf3O9fZdd5kdDtlUiwcAQLxbQdjP9tFEhjRkotmD/3veW2KM9Dk7qRnZrM70EY6hW2klhQacLU+KizL32bSZqEIRH5nCGVGdAUCMqHKCYPh/WR5mT6DqkDaOpsOXE8ANiM8KWSAeUV+U1e8qGYDXmBTBiFeqHcf3hQVSCDyUeyPtZpZXiowKwww6RDOA7pmYRtowFhTe4RRNjvIZS0D26Pd1hdI+9AMY3GVUzT/UoUBb8RBTSBG5pdDo7FxPwMeED3943AW+AVSHuIk2dY5xyJgbAVwOpkqlO7gNs8cjEDqXOBIwFSLQbXwfUhgWVd2+OntsZmkYtsWSO8l6jss/qOG6G4nCwJp21BJbAZ74uXNlKLzdbTZQ0C8uIXdh4WBbTlGNbeXMBnnXXpteIFs04Kta+tldm1HFQgWSL+o/O8QSFDdmxRIm5jyPBcFVYFgQMc/MBQDmQWEw3D7LZrX0bIAVcFjoONcQ59Lq0gAck1nsylg1JUvfPEUeAbrIvcJ5bIK+gIxgNgWC1VdbJhAuJc8ESrLyhovSy5I7ung8DLtC9LZRrUckYJBgRQGpw/ZAMbXSLXC5wWrn551GVg6oIqoLqkXHct97e6pMkhmQWtb5l0ExCJ9bm1xjQuKQGSALVBxBAwy6ZYuNkQg3ERBG0PHq6CPGWXr0FxNGwyMUD69aNcGtWLUvQAVtqVI3XEypE4MEB0tPTL7TjKwOe5j5bwts31IZ3sfCcT92nIDz0yxdqKAN8oJYfDl0frYEIFwLcUG/HLCoBqM6pK6kCr3wFSHhGXZFa7SA3MCtiTNEN6ZxCCBmJ0v6nQ+Fdas1wQieHaHIyBqp4YEiGaKYwK276osaVNZ7jmEDRGIBRzRs9lAHQnCFvR6wBOyMidC5vUoXFNlrcqAF2V9pdnlHugcZb6BaeKZUAqI02Cv7idDz9e1M4Tg/az3mN3bvJfF8zEzjCyRbdfXL9+6e0mqo2yjUbk1BOKZBI57t+eeVbaXrTPqDSL24oiQa2yAzQZUYLa7XqaYkYdt3suy0mbnHr1LPXVHF8MuJUNtmCGMJEOocmsIRGDo7zPsza6QwCgXEFpkIhAxD9vW31lCOCJ4wSnXu2CrC8QijB0ZNVp71oYrWspkQo0wRlCSz31KHbexLOMy8FSE/JRz1/nApbC08yKu5Rw4F9CV+9UoetdOe3t0y3VmIxfZ+3heH+JoL8jj6orwxSbeqX9PnhOjTVVRZd06ywHuL+XfLe+z7DNYWSATx+XKApF0E8FOXI2C11EEssyGTFg/RjfqFnrEDAKiCcshhpHsFCgXjCoQi0CiXIbPjpEJw7DAxYHQdxyQEiyOKhB0jFzXCcOQEeZx6SuemVgHRhWIIEj+nw8vOJqwHPJf3HjfhxSMbkMmrIbRBOI/2ohmJ65GWYJRBDJxXK4sEJubBTUTV6PU/ygCmWzIONgiRn0KCtePfl+NKhA7O+zec1NLtBOWo2xTsjGjYFSB3LY9RusBE4YhZpPm11eWH8oOlVEFYr+sLTcMvA0DE4ZBVVnPYcTtjiwY3YZICXSTZROWw67GLkYXyITVMJpAyqe/E1ej5eFRBDJxXK4sELsMfWg5cTWWPcyTDdlGMKpR58rtH/oSqSy4TBiG/1Znf7NvTgpGFYh/HOkY/aEJw/Ddof1m+spmQVtUYVSBlP236DOvCcOgQYq9sNN/iwjEQr0tn77BFiBOWA7/YU8+ywdABaMKZMLqGE0gdob7amniavTZw0oCsRnZDSaOS/9Xa7MgmPEfb8p/0pm4Ov3n7/7HoBMmTJgwYcKECRO2MLbb7t/gip2PIai2nQAAAABJRU5ErkJggg==",
      "name": "Céréales",
    },
  },
}
`;
