// Jest Snapshot v1, https://goo.gl/fbAQLP

exports[`Testing graphql request productType MUTATION productType Testing addProductType(productType: ProductTypeInputAdd!) should add a new productType 1`] = `
Object {
  "data": Object {
    "addProductType": Object {
      "image": "ceci est une image de pomme encodée en base64! :D",
      "name": "pomme",
    },
  },
}
`;

exports[`Testing graphql request productType MUTATION productType Testing addProductType(productType: ProductTypeInputAdd!) should fail adding a new productType because given field "rienAVoir" is not defined in schema 1`] = `
Object {
  "errors": Array [
    [GraphQLError: Variable "$productType" got invalid value { name: "pomme", image: "ceci est une image de pomme encodée en base64! :D", categoryId: "5c2a4dd84def0388fcbdb89e", rienAVoir: "ceci est un champ qui n'a rien à faire ici!" }; Field "rienAVoir" is not defined by type ProductTypeInputAdd.],
  ],
}
`;

exports[`Testing graphql request productType MUTATION productType Testing addProductType(productType: ProductTypeInputAdd!) should fail adding a new productType because missing categoryId 1`] = `
Object {
  "errors": Array [
    [GraphQLError: Variable "$productType" got invalid value { name: "pomme", image: "ceci est une image de pomme encodée en base64! :D" }; Field value.categoryId of required type ID! was not provided.],
  ],
}
`;

exports[`Testing graphql request productType MUTATION productType Testing addProductType(productType: ProductTypeInputAdd!) should fail adding a new productType because missing name 1`] = `
Object {
  "errors": Array [
    [GraphQLError: Variable "$productType" got invalid value { image: "ceci est une image de pomme encodée en base64! :D", categoryId: "5c2a4dd34def0388fcbdb5fe" }; Field value.name of required type String! was not provided.],
  ],
}
`;

exports[`Testing graphql request productType MUTATION productType Testing addProductType(productType: ProductTypeInputAdd!) should fail adding a new productType because not authenticated 1`] = `
Object {
  "data": null,
  "errors": Array [
    [GraphQLError: Sorry, you need to be authenticated to do that.],
  ],
}
`;

exports[`Testing graphql request productType MUTATION productType Testing addProductType(productType: ProductTypeInputAdd!) should fail adding a new productType because not authenticated as administrator 1`] = `
Object {
  "data": null,
  "errors": Array [
    [GraphQLError: Sorry, you need to be an administrator to do that.],
  ],
}
`;

exports[`Testing graphql request productType MUTATION productType Testing deleteProductType(productTypeId) should delete a productType 1`] = `
Object {
  "data": Object {
    "deleteProductType": Object {
      "image": "data:image/png;base64,iVBORw0KGgoAAAANSUhEUgAAAGQAAABkCAYAAABw4pVUAAAAAXNSR0IArs4c6QAAAARnQU1BAACxjwv8YQUAAAAJcEhZcwAACxIAAAsSAdLdfvwAAAAZdEVYdFNvZnR3YXJlAHBhaW50Lm5ldCA0LjAuMjHxIGmVAAAKbUlEQVR4Xu2dBawtRRKGH7o4ixMguCW4LO4aHIK7BQns4iR4kOziDsFtF3d39+BuG9wluPv/kTtJUfTMnXPG58yffMl7584Z767qquo+Izp16tSpU6dOnTp16luTiQfE1+JkMZLoVKGuFL8ZlhOdKtLqwj4MWEF0qkBjiNeEfRh0XSOLThVoL2Efxo9idtGpAk0kPhf2gRwjOlWkw4R9GJ+ICUSnCkTr+ErYB7K76BQjjOrYYkxRxJjgQGEfxvuCY3Ua0sxif3G7eE/8IqKbhaF9U9wh6OPXEROKfsWN/1jYB5LUOkYTi4k9xf/EQ+J18amglX029P97BYNKzq+xD3dKcan4VdgbNBw/iTvFVoKW1Iu2FnZf3NBxhdWogvHJxeILYbdPAw98S9EozSc+FKEL6gVu6H8EdiGNHhf2+0eKSOMJXOF3hN2mXxpjl7jwpIdBi6Gr6qXl4MJyA3i74zSvsN+ha5xO0C3tIvC07N+zwjXMJGqvbYU/+ccEzXwGEd3UUcQUYimxm7hafCn8dy3sZ1YR0gnCbnuz4CE9Yz4LgdG/QPxLLCO4ybRIuktc5RnFyuJY4c/vYFF7YRztSZ8juPlp9DexprhG/CzsfiIwtmxjxUP2rRI79IP7LALbgZFeWPTi6W0m7H4uF7XXjcKeNG9dP6I1nSEw8nZ/QHe0jYi0vPDbhMB7wo7QrfYjWrndH05L7XW+sCe9h8ii2QRup90n8FDWE+gU4f/uOUukdQ7i5EP5jeiy6IvtSb8rxhdZxGByb+G7Mboe+vgkz4lt1hJZNZfwx19I1F5k6L4T9sSvEmntSJK4sd4uvOL+b/lAzCmyCgP/tLD7flQ0RkcIe/JwnkhyW9PKG9Y4SNnOLbJqHEGUwe4bl31J0RiNJV4Q9iKAC5tUZNUlwu/bs4PIKlzgp4Tf93GicSKG5eNKQDcSGeN+NYtIGlhit7K0RgaTuwpamd/3w2J00UhhCHkA/qIAz6lflxi9KEL7hZtEP+IhbixeFqH9YjeyBD9roWmFjzFZnhR0L710ZQzmXhKh/QGhll7CGmxL2P4tEdofXCt8oLKxYgR+uAgN8iJwKR8Uh4p1Ba0Ljw0PB5s0ydBnDM7uFqF9WBjRHyWWELzV0YicQeEcYkNxvHhehL4f8b0gPN/44gj6YeJU5EJwe+li4kIZZcBA0uZi0nKSYHDaWPH2nSoIU4QusEhuDXyWF4x3GJxmHe2XpunFZaLXhFRe0LVglElSkZkMbZMHdIXYm1pnDncU34jQBWQF24KRxlt7ThAJ3k9sL+x2jHsi4ZYyqid+lWS3skCLWVDUShhrcgmhEwbGIYTjuXmLiMkFbxZGlq5tI0Fg8G0R+j7Q79MF+ggtYxm7HVFmK0bpSd4dLRk3lgDhSoIWjheFE0Fia0VBZJi8Spzt43NSzbUQN/Y2ETrRR8TaAsOeRngwFEGTpIozvG8IPKZI/xT276cLRMxsX0FGz/49gmAj3lcvbjF2A08rbkzF3yoVF32d8CeGISfWlKW8h5aDz+/3DXRfBwmOf8DQZxGHCAor7jGfWb4V5OezFMzRgshMhuzkdqIyhYKHpEoZBOYlqtT/L/xxgJiYz0ySq/jIfRaB3ZlG5CWqVnwxHrbKtuDSxI3ybwh98d9F3qJbpF6rn/EDUNiwvihCpH99jh1bWMR9iBUjZgrH7Enw/zwiuEki5kXA0B53OLBvFFEUKZwBn7Q6TZQmRt324DTTBUQZInRyi7DHD8EN4jzLCnXgpdnj05oJ8RQu0rC+xB9bUqa4ydyAuMEnXRQFD2WKMY+Ph2HPCheFavagjDH6rd7IKsqAfP9NIilPp6IXUbdlz4VWQq6/UPlwN75+lWI21LOCi6fSpdc64LxFEZ+9P8xRKUzzC3swRqj06XVQntk7XGMGtYxZGDz2Yoc2F/YeMZAtYrrFH/KGi3B6G0Xsy14nhXppbyrFED6el0eRRVAkjuyBeBvaqHOFvU4gYZZWhH7sd7MWCQZFANEH14r276sS5auhojvy7GnkiwQL8bbmEfYgzHhqswg6UhFvr5kwSRqvydtaBs25i9yzPQhBxbaLCUfeHjDtbjgR6rFhHv6deyLLT8BnnsQgiDyHvW5IUyPsK1eoIctVVOnZAxRiqGqqG4S99ifEcKKQzn4n9wgwE27sAchZD4p4u33wcFGRJIr07PariVx1kbAHIO06SKJww14/ZUFJYoxmt6fGLFcN+gNZVdjrJ2mWJP9AstYx/0V+sNS4OdoZRQ7Ij8OSarN8l7WGyFV+ditV4YMmP1knaeaUN+pLi1zlk1KFRjFrquuFvQfk1ONEUNFum/saXX7mKTZl0OQNO2uehETlpC/Myz3HztQte4A0vnjb5Mcjca4sbrLdjgxm7iLvYQ/ChM60BXBtkbchcXUEvpryPlGIfASUJSsGRSTA/KziOC+LxW7sdieKQuQnzO8sBkWMzO21J0W7vYe1iShErKZjDzQIEd9IJKjstf9XhESJqg+z5Fkt+SfhutkDEZpmwNR2kVP3buwGIiSfpmDiaKHyJ0Z1e9u1irDXzDRpcuchXSHstoWnKTiAPWApxWAVy08uPVuExFjDG/7FRaFitpA9IPMvmCXbVvkV6oB0dkjMILPbkaQqpZTVL5dBWKWtIrFkrzVuMQLKhHwp6b9FKfLeFjOKcs8Z10S84RcK6ogpVohbWtCXkeJpMSWuFFFw7WtqdxJtFvXLSd2Pr1krvYjQj0YpmYnzPNoun7wCJvKUKgy5XyWH+X2DJuJ53qaycEElwmjZE8Hl62VWaxtE9Y29B9iaf4hKRL/qq/vuEoVVe9dMlJz6XoJJqJVqU2FPCPDC2i6mZBNWt9fN3PfK651pDX7OH+uNUIbZZjFP3l4zsFJFLTS1YMF8e3L47BOLNorYlq3dBQx5rbpq5oHbEwSW7+NX0tokVpiga7LXyUIFtZyaQTWfPVEg+pnHWr11EJNJfdaUEXnZM35TC58cL8ueMLBSUNMfCt3yq8JfG7OSay2WXAqtX8gvCDALq4liqVufBwJ+WaERmkr4pTcAm1KXWbtpRbQ3tO4wdWmNavVEOkMPhTetrGU4sgiPibmCoUXLWFE7j+XSSxctJdR9kdTaR9T1oljxLm6trjNFo+0hVRh+EfsIFk8ebuJLmeIFYTHn0EqqxKhIxLUiLMSFHi1Ci8XwGXn5uLRoGeKNZxwV+uEAYNCb+3SCOoha2KRfbuP3opgI1Mt6JdQ8UZhGpJmFNHvpBnFlWYPX/7y35X5RWuavCuFlERENtZYI1hhhdVFm/rJyHSuF8pB4k0kVcyOXFSx84xek5Fc6+YU4QuAci7ERD4muk7oyppaxnBQrlSadAxlRgqRNHz+lFuUxvuSyDjDyZq2Ttq5SkSgMJIG6uBVEy4QujwfBILCTRNAOw5/0UxFxsA4jtbZxa/TGQZdFK6VovK2R6cyi1fBwGJTxe1WsW4UjEM1IIuzNBBgmDLFg2RYiKkHCwDO+oQicJcDtEq60AAalOA78PAXOA+ONThmEge11HEDpTinVg506derUqVOnTkYjRvwOyH5LXhyFiq4AAAAASUVORK5CYII=",
      "name": "Fruits",
    },
  },
}
`;

exports[`Testing graphql request productType MUTATION productType Testing deleteProductType(productTypeId) should fail deleting a productType because not authenticated 1`] = `
Object {
  "data": Object {
    "deleteProductType": null,
  },
  "errors": Array [
    [GraphQLError: Sorry, you need to be authenticated to do that.],
  ],
}
`;

exports[`Testing graphql request productType MUTATION productType Testing deleteProductType(productTypeId) should fail deleting a productType because not authenticated as administrator 1`] = `
Object {
  "data": Object {
    "deleteProductType": null,
  },
  "errors": Array [
    [GraphQLError: Sorry, you need to be an administrator to do that.],
  ],
}
`;

exports[`Testing graphql request productType MUTATION productType Testing deleteProductType(productTypeId) should fail deleting a productType by id because invalid id received (too long) 1`] = `
Object {
  "data": Object {
    "deleteProductType": null,
  },
  "errors": Array [
    [GraphQLError: Cannot read property 'id' of undefined],
  ],
}
`;

exports[`Testing graphql request productType MUTATION productType Testing deleteProductType(productTypeId) should fail deleting a productType by id because invalid id received (too short) 1`] = `
Object {
  "data": Object {
    "deleteProductType": null,
  },
  "errors": Array [
    [GraphQLError: Cannot read property 'id' of undefined],
  ],
}
`;

exports[`Testing graphql request productType MUTATION productType Testing deleteProductType(productTypeId) should fail deleting a productType by id because unknown id received 1`] = `
Object {
  "data": Object {
    "deleteProductType": null,
  },
  "errors": Array [
    [GraphQLError: Cannot read property 'id' of undefined],
  ],
}
`;

exports[`Testing graphql request productType MUTATION productType Testing updateProductType(productType: ProductTypeInputUpdate!) should fail updating a productType because given field "rienAVoir" is not defined in schema 1`] = `
Object {
  "errors": Array [
    [GraphQLError: Variable "$productType" got invalid value { id: "5c2a4ded4def0388fcbdc1e4", name: "courgette", image: "ceci est une image de courgette encodée en base64! :D", categoryId: "5c2a4ded4def0388fcbdc1cf", rienAVoir: "ceci est un champ qui n'a rien à faire ici!" }; Field "rienAVoir" is not defined by type ProductTypeInputUpdate.],
  ],
}
`;

exports[`Testing graphql request productType MUTATION productType Testing updateProductType(productType: ProductTypeInputUpdate!) should fail updating a productType because missing categoryId 1`] = `
Object {
  "errors": Array [
    [GraphQLError: Variable "$productType" got invalid value { id: "5c2a4de84def0388fcbdbf44", name: "courgette", image: "ceci est une image de courgette encodée en base64! :D" }; Field value.categoryId of required type ID! was not provided.],
  ],
}
`;

exports[`Testing graphql request productType MUTATION productType Testing updateProductType(productType: ProductTypeInputUpdate!) should fail updating a productType because missing id 1`] = `
Object {
  "errors": Array [
    [GraphQLError: Variable "$productType" got invalid value { name: "courgette", image: "ceci est une image de courgette encodée en base64! :D", categoryId: "5c2a4dea4def0388fcbdc07f" }; Field value.id of required type ID! was not provided.],
  ],
}
`;

exports[`Testing graphql request productType MUTATION productType Testing updateProductType(productType: ProductTypeInputUpdate!) should fail updating a productType because missing name 1`] = `
Object {
  "errors": Array [
    [GraphQLError: Variable "$productType" got invalid value { id: "5c2a4de54def0388fcbdbdf4", image: "ceci est une image de courgette encodée en base64! :D", categoryId: "5c2a4de54def0388fcbdbddf" }; Field value.name of required type String! was not provided.],
  ],
}
`;

exports[`Testing graphql request productType MUTATION productType Testing updateProductType(productType: ProductTypeInputUpdate!) should fail updating a productType because not authenticated 1`] = `
Object {
  "data": Object {
    "updateProductType": null,
  },
  "errors": Array [
    [GraphQLError: Sorry, you need to be authenticated to do that.],
  ],
}
`;

exports[`Testing graphql request productType MUTATION productType Testing updateProductType(productType: ProductTypeInputUpdate!) should fail updating a productType because not authenticated as administrator 1`] = `
Object {
  "data": Object {
    "updateProductType": null,
  },
  "errors": Array [
    [GraphQLError: Sorry, you need to be an administrator to do that.],
  ],
}
`;

exports[`Testing graphql request productType MUTATION productType Testing updateProductType(productType: ProductTypeInputUpdate!) should update a productType 1`] = `
Object {
  "data": Object {
    "updateProductType": Object {
      "image": "ceci est une image de courgette encodée en base64! :D",
      "name": "courgette",
    },
  },
}
`;

exports[`Testing graphql request productType QUERY productType Testing productType(productTypeId: ID!) should fail getting a productType by id because unknown id received 1`] = `
Object {
  "data": Object {
    "productType": null,
  },
}
`;

exports[`Testing graphql request productType QUERY productType Testing productType(productTypeId: ID!) should get a productType by id 1`] = `
Object {
  "data": Object {
    "productType": Object {
      "category": Object {
        "image": "data:image/png;base64,iVBORw0KGgoAAAANSUhEUgAAAGQAAABkCAYAAABw4pVUAAAAAXNSR0IArs4c6QAAAARnQU1BAACxjwv8YQUAAAAJcEhZcwAACxIAAAsSAdLdfvwAAAAZdEVYdFNvZnR3YXJlAHBhaW50Lm5ldCA0LjAuMjHxIGmVAAAN1UlEQVR4Xu3cBZDjyhUF0A0zMzNzUmFmZmZmZmbmpMLMzMz4K0mFmZmZmfPOrG/9jsozY1vy7v75fatu2WrJstSv+1E/aVdHR0dHR0dHR0dHR0dHx57EmYvH3P21Y2/jMsV/FX9RvLyGjr2HwxW/W/zvjP8s3ql4kGLHXsDdigTx7eLLZ9//U7xjsWMP45DF7xcJ4QbFgxafONs2Uy5d7NiDuERR5/+0eGgNBUJ5aVH7j4pHKXasCQcvvr64X/HhxdcUdfzTiy2OUPxO0b6HaOhYD05T1MlD3r44xPWK9v2smNnTMTHYBJ3MgL+1+I/Zts8HFKmr4LDF3xbtP4+GjulxraIOfvXG1q5dJym+qPjvovbHF1u8t6j9lhtbHZPj6kUd/MaNrf1xi6LAkLt7RQ0zxA2+58ZWx+Q4f1EHf7U4DPweV7Tv08WorjcXtd1uY2tn4VTFE+7+uvdwtCJ7YTZQVy2OXfxbkQDOVCSUb822pVZ2Eo5V/HPxB0We515F7MJjNrb+H+8r2idKN4KoMAJ0AzsJVyi6TymjvZ4iulRRR/+9OEwkMuou9KnFR8y+f7i4DMys0xcvUNxXs8ePLLq3V21s7b7OaxfFZs8uPmv2/YbFUxTXjmcUXRAVdZdipu39i9rfUvzN7Pv1i4viDMVPFQk8539y8fDF8xbFOw8r6pB7FK9cPG5xT8KM+ETR9d23+JziX2fb8+heblVcKw5RdCHpuC8VGe4XzLblsXx+o3io4iIwyn5c9Lu/FKXyfcc/Nt+H9F8cCWryyMV143hFNtR/u85cB/X1kuKDi/crGrQRlMGzFpyjeJbdXzdGyo2KPynmooZ0kdIs7A5hEdopi/P07oOKfvPxIuEcrOj4CP2HxdcWn1R8QlG+7HPFBKf4q6Ls86KDYBXcupj/Q8lVatz1ttBX4jPXN3SARoNef2jRyDBaT14MqBOzpb3IraiD31O0wtiCmrNf8BkQ3GWLkpi5YbOgVVO+W38xG/Mf1N6pi1PD9Xy0mP+hGeapTBokxwmcJ4WOGHa4gA94TxKMidTRjDGSTdNrFC9XZPDYl/cXOQOO4zZesxi8oqh9q+nNVn2taGDo9DsXk002K9iY3xWdhw27cHFKsHG5V7Nx3sg3eJ9WzDWcoDgpzAwnZ2AfVcw05Prxw+2z/bKinJU1kmMUxSLUmxHUTmc3IQ/md4STTiM0bWbgbYvz/Hs3+45idDi6acZV7gzMXqos5+IMLIOTFe9QfGHRdUoTyVgLip9XzP/OSwfJcpsR9rvGdsBNAq6nExPCdYumrFHuDzNSvlw8WxHsf3exnTFU1PeK4pbjF0Fncxnt/2ZRNlhnu/n87mrFefAfOu3eRUnOHE99nLUI1NpHitplmxcZpSctmtmtsIeMPTM4qdLTFs9Y5P4/umj9x37nmDw7oYPi3vGtA6MnF/j5oug9MBNE538q0ulSLFEh6HtsBFWjs7RfR0OBoNLJi6w2mo2MLPXhN/43gjx6MXbFrHI/m8F/JTNtMH2oKHt946Lzi6s4FfZvR//J5o0GT8GiUjqMl2BE0PXH0TDDBYv+mLtpdAxh2h5x99cN0O3nK76zmN9dtQiPLWp75cbW7tEfd/d0GhaEmfeBot9Rn9QfnLNo231cRcMcuJ+4r9znsxddxxCxUYTuWKQuf140O19cFBdN5uHR2/6EAKigBHmJRgNRtHYjap6e3wxGKHfVb80MgnMDtt0QOMZN6sBlI1wdkewylULdQgzsZ4vDWWKWxg5StSpotsO5ipn199KwLujcGNuvF98w+05XtzBztBsZ80bSVqBiokYURVxo9l28ErA32ozuZcHdTIaZiqFO2Q8BGiEzzC2eWXSsWOKoGhYELeJ8nAZJ1bXBDWQt3B/6HLqhdy1qp2dXARtkdl2ySCjOxVYFYhRtN93YWh4MOkfBObjrYP3GtjRMQFWxF+haloGBGKdhOGAnh6me1AeKjANqITfLBZZWv0lRvop7uciUh+jZ5MSeu7G1G9IO2rIquQouVtTR7oOKlVFwTk6IzqQuxTPaXMMqSMT+wY2tNSO6HkWcgdGQ9nmkW6kBLuR2oF7iuQggA66kzqRm4iavgqhfUTx75DsBySyIMWwbXHFA2BezctG4hYvtHFT32mEEpQDOTQi2zIZE2ajTjLK3FakZtVnZxzGQU9rK1eS7O/b3xdYrM4LjkUXlrAJJQLHAkYqCxnhHjDx1zPC3xRdxasRVi0CA63ge2h5BynjwY8U2s2mNgyfWGnVOAXXHW4n94aEdpjiE38VW0MUSiwQrbuGBEah9AiwzThCWSHwVGBi/LOb6XR9bFriX/Kd0zCLgHjveQNwjEORxFXMTIZ1L3QTsQSsY39mV3CDVMfTNqYUIbVGKTyx6rbpoRbXkXO4h18xLSrG4a23TPFtBut9vZLLXCupK4CbV0WZQqSh5rVYNcYH/UORqDhf8zZb464x2OkBU3qo3tuLtxfsU/S/XVCApV8ajk7xso/1fF+WRtlKHQ4jeBYh+Lz2SAUWdJRvB1RfdL4osZVPNawE9biVOYJabRyNZZpXnMoSRHrtiBOrIFn5jv3PcptguajmeSy0RuR0MkpsVUzSBBMVAbwWDQHQdYSiDTRWl++W6azf7lknXy3K7Lyp1EQdmaShIiDuLpjBPxM1IYWw1GmV1o9oEk0PQyfZFED4tVrU5MKDWOA+EKmB03uEKIHtkCTdu+X5Fo3we2Bxr2/nf5xcFpkDtsYvaxURm+jIwOPzWQJ0cpB0datpSFYvq0UD8Qb1YL9CR7aINYWZ6U3v899bmXLxo5Ca519Io/GTRTGptB4+Pd+aYdxVbmwYGmLyU/YRHHWZQOfaLRfsY+lUyAlSs368lKHxd0cm/UByO2mXBFdQBov12dFMH3EyjtVVrPLNWRfLkuNsyvjK4Gd1IANY9MsrNonh+Zk2gujLC5bENo/AIhEZYJoEZuC//69oUn08KiTKjVmeJaMfCTJEo1BlUXosk+bi3LahFDsS5i9RMZo+OI2AzKgtOKFBN9lkgp42NEKjdvZj1DBF0AkvXJe6J6+zcEeyyMDudn1ZZVpNsi6yA0a9TwSohz4mgW0eAfdBZOm/ZEkw3rsYps8lyLxBekokqVoxaVNYaNXbiYmycDPZYpN5s8rVySGZ1kgWVBikko8fbUZQ1Cx7XKmAbOA7t2ga1EyNPGK1elzJJxoH6EsyNRaozJ18R5J0YrW5mEddzGTh3ArEraZiBDdCWBakp4Nozc6zsReVxAuI5SoeYKWPBMUjZ06QFFHSpxwZiPy5aFFMMKdfT5pmWQTpfKiWI/uVATAWurXNSS+1zjmyVdrFLu+K5LBju9AcHITGNYLPtq1FlR8l2LsKhEV4UDKrZ5wZSbE29OCd3cwpQSc5vYOmUIOl2CUVu+KpQOxYnYTu6V5nqlWDUOokIlYs6j0lvsAOrIsFX1tBFtfS8lbY2FlkVWSYQF+R8Zn/S+lvVeC2CPGUsHprXR2GyFRa9VkIEYsVuM+R5wjECyTPrPBPIDJGPGgteVMpuBLOBp7m0iWXGPmwagVCHWyGu/j4vEL6/IMpaA8SGDNcc6PxlCiaAKnIuicek+M2SlHBamBqLHScQkBgMpDCcU3ZA5xnZvnNNqc/PFD1XYXFpO9y86FxSJwG7xZ5QIWMMebCjBKLKXVGBKJtO19mJCQRo8lfsie0hubFKhLaC6N6x7Zq/pWBtbdHEGOwYgQj82hXGIROQOsZTV9ZAqCDROJfYPqNcjspil4Bw6AQky8C9Dqw8apOmmQI7QiCWfqkNv/U/PCx5Jkm/ZH2RS9q6qiClkvihpfPxpNq1h7jubWSu5FXbVI9hH+AFIkJPKagy0eGoZrypGPvlntqyIYFVnqCSC7OcaqTLVWW2if6l+OEpRW3KkYK89EbCcgoc4AXifH6jGmWzbKqFqBRUp47YsW5amyeohqtwJyruV7T/K0XurBjDdlu/FTUm6zsFDvACyeg3O7YCY++4vIojz4ZIAG6WV1OHm4BP2l0m2Xdp8Cw+PbCoTeX6FDjACyS1stt1SB4CStWgUW57u1c5pVDvTUXqUWULTy2Px1k8EhguU6e7Ffa4QNREeXJ0HvNgjqh63v55zIXJsg730e9hihUcb1+e76CWhr9rmfS94yUV8ztu7rzjxzJOCDd83v4wVTGjBdI5LUcLRGUhF7FzHNm+SQSylQ3pWByTG3WLMMNa3Y75sGB3kWJbpDepQFR7WOThrYiyOzaH+oCUnnJA4m5PKhD0HbNu0TEfAtKs38tIJPidVCBW2ARqckM77b1W64DcnDioXRSb3IZ0jMNkAhFRy8R2jmNyc6MF0jktRwtEAbOgpnMcUznZbcg+grUY9R4ULo5hX00qEA89Kp1x0qzGdWwO71RUD6aCJphUICmnQWX8HZtDzKbqUl95KChPF08qEPWxKroZeE8ldWwOqsp6DiNuuTiY3IZICWz3RGvH/hg++je5QDrGYTKBeJWFZ/E6xzHvURktkM5pOVogqj686qJzHFOe1G3IPoJJjTpXTt2t4rNVn90+MEHht7dWtK9bn1QgeZEY+qOOzeGprVTue1NSHjKaVCB5VSuu9bWnOwA0SOyFZwvXIhAL9d7g7BGwsc/kHRjg5dHyWe17UiYVSMd4TCYQ1epeINA5jnlUb2WBeFDSCTqnZV5vvjQEMx6M8XKwzmnoia/N3m7X0dHR0dHR0dGxJuza9T/EjLMHrO0wiAAAAABJRU5ErkJggg==",
        "name": "Fruits",
      },
      "image": "data:image/png;base64,iVBORw0KGgoAAAANSUhEUgAAAGQAAABkCAYAAABw4pVUAAAAAXNSR0IArs4c6QAAAARnQU1BAACxjwv8YQUAAAAJcEhZcwAACxIAAAsSAdLdfvwAAAAZdEVYdFNvZnR3YXJlAHBhaW50Lm5ldCA0LjAuMjHxIGmVAAAKbUlEQVR4Xu2dBawtRRKGH7o4ixMguCW4LO4aHIK7BQns4iR4kOziDsFtF3d39+BuG9wluPv/kTtJUfTMnXPG58yffMl7584Z767qquo+Izp16tSpU6dOnTp16luTiQfE1+JkMZLoVKGuFL8ZlhOdKtLqwj4MWEF0qkBjiNeEfRh0XSOLThVoL2Efxo9idtGpAk0kPhf2gRwjOlWkw4R9GJ+ICUSnCkTr+ErYB7K76BQjjOrYYkxRxJjgQGEfxvuCY3Ua0sxif3G7eE/8IqKbhaF9U9wh6OPXEROKfsWN/1jYB5LUOkYTi4k9xf/EQ+J18amglX029P97BYNKzq+xD3dKcan4VdgbNBw/iTvFVoKW1Iu2FnZf3NBxhdWogvHJxeILYbdPAw98S9EozSc+FKEL6gVu6H8EdiGNHhf2+0eKSOMJXOF3hN2mXxpjl7jwpIdBi6Gr6qXl4MJyA3i74zSvsN+ha5xO0C3tIvC07N+zwjXMJGqvbYU/+ccEzXwGEd3UUcQUYimxm7hafCn8dy3sZ1YR0gnCbnuz4CE9Yz4LgdG/QPxLLCO4ybRIuktc5RnFyuJY4c/vYFF7YRztSZ8juPlp9DexprhG/CzsfiIwtmxjxUP2rRI79IP7LALbgZFeWPTi6W0m7H4uF7XXjcKeNG9dP6I1nSEw8nZ/QHe0jYi0vPDbhMB7wo7QrfYjWrndH05L7XW+sCe9h8ii2QRup90n8FDWE+gU4f/uOUukdQ7i5EP5jeiy6IvtSb8rxhdZxGByb+G7Mboe+vgkz4lt1hJZNZfwx19I1F5k6L4T9sSvEmntSJK4sd4uvOL+b/lAzCmyCgP/tLD7flQ0RkcIe/JwnkhyW9PKG9Y4SNnOLbJqHEGUwe4bl31J0RiNJV4Q9iKAC5tUZNUlwu/bs4PIKlzgp4Tf93GicSKG5eNKQDcSGeN+NYtIGlhit7K0RgaTuwpamd/3w2J00UhhCHkA/qIAz6lflxi9KEL7hZtEP+IhbixeFqH9YjeyBD9roWmFjzFZnhR0L710ZQzmXhKh/QGhll7CGmxL2P4tEdofXCt8oLKxYgR+uAgN8iJwKR8Uh4p1Ba0Ljw0PB5s0ydBnDM7uFqF9WBjRHyWWELzV0YicQeEcYkNxvHhehL4f8b0gPN/44gj6YeJU5EJwe+li4kIZZcBA0uZi0nKSYHDaWPH2nSoIU4QusEhuDXyWF4x3GJxmHe2XpunFZaLXhFRe0LVglElSkZkMbZMHdIXYm1pnDncU34jQBWQF24KRxlt7ThAJ3k9sL+x2jHsi4ZYyqid+lWS3skCLWVDUShhrcgmhEwbGIYTjuXmLiMkFbxZGlq5tI0Fg8G0R+j7Q79MF+ggtYxm7HVFmK0bpSd4dLRk3lgDhSoIWjheFE0Fia0VBZJi8Spzt43NSzbUQN/Y2ETrRR8TaAsOeRngwFEGTpIozvG8IPKZI/xT276cLRMxsX0FGz/49gmAj3lcvbjF2A08rbkzF3yoVF32d8CeGISfWlKW8h5aDz+/3DXRfBwmOf8DQZxGHCAor7jGfWb4V5OezFMzRgshMhuzkdqIyhYKHpEoZBOYlqtT/L/xxgJiYz0ySq/jIfRaB3ZlG5CWqVnwxHrbKtuDSxI3ybwh98d9F3qJbpF6rn/EDUNiwvihCpH99jh1bWMR9iBUjZgrH7Enw/zwiuEki5kXA0B53OLBvFFEUKZwBn7Q6TZQmRt324DTTBUQZInRyi7DHD8EN4jzLCnXgpdnj05oJ8RQu0rC+xB9bUqa4ydyAuMEnXRQFD2WKMY+Ph2HPCheFavagjDH6rd7IKsqAfP9NIilPp6IXUbdlz4VWQq6/UPlwN75+lWI21LOCi6fSpdc64LxFEZ+9P8xRKUzzC3swRqj06XVQntk7XGMGtYxZGDz2Yoc2F/YeMZAtYrrFH/KGi3B6G0Xsy14nhXppbyrFED6el0eRRVAkjuyBeBvaqHOFvU4gYZZWhH7sd7MWCQZFANEH14r276sS5auhojvy7GnkiwQL8bbmEfYgzHhqswg6UhFvr5kwSRqvydtaBs25i9yzPQhBxbaLCUfeHjDtbjgR6rFhHv6deyLLT8BnnsQgiDyHvW5IUyPsK1eoIctVVOnZAxRiqGqqG4S99ifEcKKQzn4n9wgwE27sAchZD4p4u33wcFGRJIr07PariVx1kbAHIO06SKJww14/ZUFJYoxmt6fGLFcN+gNZVdjrJ2mWJP9AstYx/0V+sNS4OdoZRQ7Ij8OSarN8l7WGyFV+ditV4YMmP1knaeaUN+pLi1zlk1KFRjFrquuFvQfk1ONEUNFum/saXX7mKTZl0OQNO2uehETlpC/Myz3HztQte4A0vnjb5Mcjca4sbrLdjgxm7iLvYQ/ChM60BXBtkbchcXUEvpryPlGIfASUJSsGRSTA/KziOC+LxW7sdieKQuQnzO8sBkWMzO21J0W7vYe1iShErKZjDzQIEd9IJKjstf9XhESJqg+z5Fkt+SfhutkDEZpmwNR2kVP3buwGIiSfpmDiaKHyJ0Z1e9u1irDXzDRpcuchXSHstoWnKTiAPWApxWAVy08uPVuExFjDG/7FRaFitpA9IPMvmCXbVvkV6oB0dkjMILPbkaQqpZTVL5dBWKWtIrFkrzVuMQLKhHwp6b9FKfLeFjOKcs8Z10S84RcK6ogpVohbWtCXkeJpMSWuFFFw7WtqdxJtFvXLSd2Pr1krvYjQj0YpmYnzPNoun7wCJvKUKgy5XyWH+X2DJuJ53qaycEElwmjZE8Hl62VWaxtE9Y29B9iaf4hKRL/qq/vuEoVVe9dMlJz6XoJJqJVqU2FPCPDC2i6mZBNWt9fN3PfK651pDX7OH+uNUIbZZjFP3l4zsFJFLTS1YMF8e3L47BOLNorYlq3dBQx5rbpq5oHbEwSW7+NX0tokVpiga7LXyUIFtZyaQTWfPVEg+pnHWr11EJNJfdaUEXnZM35TC58cL8ueMLBSUNMfCt3yq8JfG7OSay2WXAqtX8gvCDALq4liqVufBwJ+WaERmkr4pTcAm1KXWbtpRbQ3tO4wdWmNavVEOkMPhTetrGU4sgiPibmCoUXLWFE7j+XSSxctJdR9kdTaR9T1oljxLm6trjNFo+0hVRh+EfsIFk8ebuJLmeIFYTHn0EqqxKhIxLUiLMSFHi1Ci8XwGXn5uLRoGeKNZxwV+uEAYNCb+3SCOoha2KRfbuP3opgI1Mt6JdQ8UZhGpJmFNHvpBnFlWYPX/7y35X5RWuavCuFlERENtZYI1hhhdVFm/rJyHSuF8pB4k0kVcyOXFSx84xek5Fc6+YU4QuAci7ERD4muk7oyppaxnBQrlSadAxlRgqRNHz+lFuUxvuSyDjDyZq2Ttq5SkSgMJIG6uBVEy4QujwfBILCTRNAOw5/0UxFxsA4jtbZxa/TGQZdFK6VovK2R6cyi1fBwGJTxe1WsW4UjEM1IIuzNBBgmDLFg2RYiKkHCwDO+oQicJcDtEq60AAalOA78PAXOA+ONThmEge11HEDpTinVg506derUqVOnTkYjRvwOyH5LXhyFiq4AAAAASUVORK5CYII=",
      "name": "Fruits",
      "producers": Array [],
    },
  },
}
`;

exports[`Testing graphql request productType QUERY productType Testing productTypes() should get all productTypes 1`] = `
Object {
  "data": Object {
    "productTypes": Array [],
  },
}
`;

exports[`Testing graphql request productType QUERY productType Testing productTypesOfCategory(productTypeCategoryId: ID!) should get all productType of the productTypeCategory "fruits" 1`] = `
Object {
  "errors": Array [
    [GraphQLError: Syntax Error: Unexpected single quote character ('), did you mean to use a double quote (")?],
  ],
}
`;

exports[`Testing graphql request productType QUERY productType Testing productTypesOfCategory(productTypeCategoryId: ID!) should get all productType of the productTypeCategory "fruits" 2`] = `
Object {
  "errors": Array [
    [GraphQLError: Syntax Error: Unexpected single quote character ('), did you mean to use a double quote (")?],
  ],
}
`;
